ASxxxx Linker V03.00 + NoICE + sdld,  page 1.
Hexadecimal  [32-Bits]

Area                                    Addr        Size        Decimal Bytes (Attributes)
--------------------------------        ----        ----        ------- ----- ------------
.  .ABS.                            00000000    00000000 =           0. bytes (ABS,CON)

      Value  Global                              Global Defined In Module
      -----  --------------------------------   ------------------------
     00000000  .__.ABS.                           
     00000000  l__BSEG                         
     00000000  l__BSS                          
     00000000  l__CABS                         
     00000000  l__DABS                         
     00000000  l__HEADER                       
     00000000  l__HEAP                         
     00000000  l__HOME                         
     00000000  s__CABS                         
     00000000  s__CABS0                        
     00000000  s__CABS1                        
     00000000  s__CABS2                        
     00000000  s__CABS3                        
     00000000  s__CABS4                        
     00000000  s__DABS                         
     00000000  s__HEADER                       
     00000000  s__HEADER0                      
     00000000  s__HEADER1                      
     00000000  s__HEADER2                      
     00000000  s__HEADER3                      
     00000000  s__HEADER4                      
     00000000  s__HEADER5                      
     00000001  l__GSFINAL                      
     00000003  l__HEADER3                      
     00000003  l__HEADER4                      
     00000006  l__BANK10                       
     00000006  l__BANK11                       
     00000006  l__BANK12                       
     00000006  l__BANK13                       
     00000006  l__BANK14                       
     00000006  l__BANK15                       
     00000006  l__HEADER0                      
     00000009  l__HEADER1                      
     0000000A  l__CABS2                        
     0000000A  l__HEADER2                      
     0000000E  l__CABS1                        
     0000000F  l__GSINIT                       
     00000010  l__CABS0                        
     00000010  l__CABS4                        
     00000033  l__CABS3                        
     0000012A  l__HEADER5                      
     00000180  l__DATA                         
     00000200  s__CODE                         
     00000220  l__BANK8                        
     000002AE  l__INITIALIZED                  
     000002AE  l__INITIALIZER                  
     00001724  l__BANK2                        
     0000189D  l__BANK9                        
     000026D4  l__BANK7                        
     0000272C  l__BANK6                        
ASxxxx Linker V03.00 + NoICE + sdld,  page 2.
Hexadecimal  [32-Bits]

Area                                    Addr        Size        Decimal Bytes (Attributes)
--------------------------------        ----        ----        ------- ----- ------------
.  .ABS.                            00000000    00000000 =           0. bytes (ABS,CON)

      Value  Global                              Global Defined In Module
      -----  --------------------------------   ------------------------
     00002EE0  l__BANK4                        
     00002EE0  l__BANK5                        
     00003293  l__CODE                         
     00003493  s__HOME                         
     00003493  s__INITIALIZER                  
     000034F4  l__BANK3                        
     00003741  s__GSINIT                       
     00003750  s__GSFINAL                      
     00008000  _SMS_SRAM                          SMSlib_PSGaiden
     00008000  s__BANK10                       
     00008000  s__BANK11                       
     00008000  s__BANK12                       
     00008000  s__BANK13                       
     00008000  s__BANK14                       
     00008000  s__BANK15                       
     00008000  s__BANK2                        
     00008000  s__BANK3                        
     00008000  s__BANK4                        
     00008000  s__BANK5                        
     00008000  s__BANK6                        
     00008000  s__BANK7                        
     00008000  s__BANK8                        
     00008000  s__BANK9                        
     0000C000  s__DATA                         
     0000C180  s__INITIALIZED                  
     0000C42E  s__BSEG                         
     0000C42E  s__BSS                          
     0000C42E  s__HEAP                         
     0000FFFC  _SRAM_bank_to_be_mapped_on_slot2   SMSlib_PSGaiden
     0000FFFF  _ROM_bank_to_be_mapped_on_slot2    SMSlib_PSGaiden

ASxxxx Linker V03.00 + NoICE + sdld,  page 3.
Hexadecimal  [32-Bits]

Area                                    Addr        Size        Decimal Bytes (Attributes)
--------------------------------        ----        ----        ------- ----- ------------
_CODE                               00000200    00003293 =       12947. bytes (REL,CON)

      Value  Global                              Global Defined In Module
      -----  --------------------------------   ------------------------
     00000200  __clock                            crt0
     00000204  _exit                              crt0
     0000020A  _main                              main
     00000281  _PSGStop                           PSGlib
     000002A8  _PSGResume                         PSGlib
     000002F4  _PSGPlay                           PSGlib
     00000321  _PSGCancelLoop                     PSGlib
     00000327  _PSGPlayNoRepeat                   PSGlib
     00000336  _PSGGetStatus                      PSGlib
     0000033E  _PSGSilenceChannels                PSGlib
     0000034F  _PSGRestoreVolumes                 PSGlib
     0000044E  _PSGSetMusicVolumeAttenuation      PSGlib
     0000053D  _PSGSFXStop                        PSGlib
     00000607  _PSGSFXPlay                        PSGlib
     00000654  _PSGSFXCancelLoop                  PSGlib
     0000065A  _PSGSFXGetStatus                   PSGlib
     00000662  _PSGSFXPlayLoop                    PSGlib
     00000683  _PSGFrame                          PSGlib
     0000079C  _PSGSFXFrame                       PSGlib
     00000822  _devkit_SMS_init                   _sms_manager
     00000825  _devkit_SMS_displayOn              _sms_manager
     0000082B  _devkit_SMS_displayOff             _sms_manager
     00000831  _devkit_SMS_mapROMBank             _sms_manager
     0000083A  _devkit_SMS_enableSRAM             _sms_manager
     00000840  _devkit_SMS_enableSRAMBank         _sms_manager
     0000084F  _devkit_SMS_disableSRAM            _sms_manager
     00000855  _devkit_SMS_SRAM                   _sms_manager
     00000859  _devkit_SMS_setSpriteMode          _sms_manager
     00000865  _devkit_SMS_useFirstHalfTilesfor   _sms_manager
     0000086A  _devkit_SMS_useFirstHalfTilesfor   _sms_manager
     0000086F  _devkit_SMS_VDPturnOnFeature       _sms_manager
     00000876  _devkit_SMS_loadPSGaidencompress   _sms_manager
     0000088C  _devkit_SMS_loadSTMcompressedTil   _sms_manager
     000008AD  _devkit_SMS_loadBGPalette          _sms_manager
     000008B4  _devkit_SMS_loadSpritePalette      _sms_manager
     000008BB  _devkit_SMS_setSpritePaletteColo   _sms_manager
     000008E3  _devkit_SMS_setNextTileatXY        _sms_manager
     0000090C  _devkit_SMS_setTile                _sms_manager
     00000913  _devkit_SMS_setTilePriority        _sms_manager
     00000924  _devkit_SMS_addSprite              _sms_manager
     0000093F  _devkit_SMS_initSprites            _sms_manager
     00000942  _devkit_SMS_finalizeSprites        _sms_manager
     00000945  _devkit_SMS_waitForVBlank          _sms_manager
     00000948  _devkit_SMS_copySpritestoSAT       _sms_manager
     0000094B  _devkit_UNSAFE_SMS_copySpritesto   _sms_manager
     0000094E  _devkit_SMS_queryPauseRequested    _sms_manager
     00000951  _devkit_SMS_resetPauseRequest      _sms_manager
     00000954  _devkit_isCollisionDetected        _sms_manager
     0000095B  _devkit_SMS_getKeysStatus          _sms_manager
     0000095E  _devkit_SPRITEMODE_NORMAL          _sms_manager
ASxxxx Linker V03.00 + NoICE + sdld,  page 4.
Hexadecimal  [32-Bits]

Area                                    Addr        Size        Decimal Bytes (Attributes)
--------------------------------        ----        ----        ------- ----- ------------
_CODE                               00000200    00003293 =       12947. bytes (REL,CON)

      Value  Global                              Global Defined In Module
      -----  --------------------------------   ------------------------
     00000961  _devkit_VDPFEATURE_HIDEFIRSTCOL    _sms_manager
     00000965  _devkit_TILE_PRIORITY              _sms_manager
     00000969  _devkit_TILE_USE_SPRITE_PALETTE    _sms_manager
     000009B8  _devkit_PSGPlay                    _snd_manager
     000009C2  _devkit_PSGPlayNoRepeat            _snd_manager
     000009CC  _devkit_PSGStop                    _snd_manager
     000009CF  _devkit_PSGResume                  _snd_manager
     000009D2  _devkit_PSGGetStatus               _snd_manager
     000009D5  _devkit_PSGSetMusicVolumeAttenua   _snd_manager
     000009E1  _devkit_PSGSFXPlay                 _snd_manager
     000009F6  _devkit_PSGSFXStop                 _snd_manager
     000009F9  _devkit_PSGSFXGetStatus            _snd_manager
     000009FC  _devkit_PSGSilenceChannels         _snd_manager
     000009FF  _devkit_PSGRestoreVolumes          _snd_manager
     00000A02  _devkit_PSGFrame                   _snd_manager
     00000A05  _devkit_PSGSFXFrame                _snd_manager
     00000A08  _devkit_SFX_CHANNEL2               _snd_manager
     00000A0B  _devkit_SFX_CHANNEL3               _snd_manager
     00000A0E  _devkit_SFX_CHANNELS2AND3          _snd_manager
     00000A11  _engine_asm_manager_clear_VRAM     asm_manager
     00000A27  _engine_board_manager_border       board_manager
     00000ADB  _engine_board_manager_toggle       board_manager
     00000B4D  _engine_board_manager_side_tile    board_manager
     00000B6B  _engine_board_manager_midd_text    board_manager
     00000BD4  _engine_content_manager_load_til   content_manager
     00000BEA  _engine_content_manager_load_til   content_manager
     00000C00  _engine_content_manager_load_til   content_manager
     00000C1E  _engine_content_manager_load_til   content_manager
     00000C49  _engine_content_manager_load_spr   content_manager
     00000C5F  _engine_content_manager_load_spr   content_manager
     00000C60  _engine_font_manager_draw_char     font_manager
     00000C8C  _engine_font_manager_draw_text     font_manager
     00000CDE  _engine_font_manager_draw_data     font_manager
     00000D69  _engine_font_manager_draw_data2    font_manager
     00000DEC  _engine_function_manager_convert   function_manager
     00000E16  _engine_function_manager_convert   function_manager
     00000E4B  _engine_function_manager_convert   function_manager
     00000E70  _engine_function_manager_convert   function_manager
     00000E89  _engine_hack_manager_init          hack_manager
     00000ECB  _engine_hack_manager_load          hack_manager
     00000F21  _engine_hack_manager_invert        hack_manager
     00000FBA  _engine_input_manager_update       input_manager
     00000FC7  _engine_input_manager_hold         input_manager
     00000FF4  _engine_input_manager_move         input_manager
     00000FFF  _engine_input_manager_direction    input_manager
     00001071  _engine_locale_manager_draw_text   locale_manager
     00001096  _engine_main_manager_init          main_manager
     00001099  _engine_main_manager_load          main_manager
     000010B7  _engine_main_manager_debug         main_manager
     000010C5  _engine_main_manager_save          main_manager
     000010C8  _engine_screen_manager_init        screen_manager
ASxxxx Linker V03.00 + NoICE + sdld,  page 5.
Hexadecimal  [32-Bits]

Area                                    Addr        Size        Decimal Bytes (Attributes)
--------------------------------        ----        ----        ------- ----- ------------
_CODE                               00000200    00003293 =       12947. bytes (REL,CON)

      Value  Global                              Global Defined In Module
      -----  --------------------------------   ------------------------
     000010D6  _engine_screen_manager_update      screen_manager
     00001179  _engine_sprite_manager_draw_enti   sprite_manager
     000011EA  _engine_state_manager_init         state_manager
     0000120F  _engine_storage_manager_availabl   storage_manager
     0000123E  _engine_storage_manager_read       storage_manager
     000012AB  _engine_storage_manager_write      storage_manager
     00001334  _engine_storage_manager_erase      storage_manager
     00001390  _engine_delay_manager_load         timer_manager
     000013B8  _engine_delay_manager_update       timer_manager
     000013DA  _engine_delay_manager_draw         timer_manager
     000013E8  _engine_frame_manager_load         timer_manager
     000013EF  _engine_frame_manager_update       timer_manager
     00001406  _engine_frame_manager_draw         timer_manager
     00001414  _engine_reset_manager_load         timer_manager
     00001424  _engine_reset_manager_update       timer_manager
     0000143F  _engine_reset_manager_reset        timer_manager
     00001445  _engine_tile_manager_load_tile     tile_manager
     0000149A  _engine_tile_manager_load_coll     tile_manager
     000014B1  _engine_tile_manager_draw_tile     tile_manager
     0000155C  _engine_tile_manager_draw_blank    tile_manager
     0000158F  _engine_tile_manager_draw_trees    tile_manager
     000015AC  _engine_tile_manager_draw_candy    tile_manager
     000015CB  _engine_tile_manager_draw_bonus    tile_manager
     00001600  _engine_tile_manager_draw_oneup    tile_manager
     00001615  _engine_tile_manager_draw_cross    tile_manager
     00001634  _engine_tile_manager_draw_sides    tile_manager
     00001649  _engine_tile_manager_main_title    tile_manager
     000016CE  _engine_tile_manager_main_candy    tile_manager
     000016ED  _engine_tile_manager_main_gamer    tile_manager
     00001702  _engine_tile_manager_funk_trees    tile_manager
     0000184F  _music_object_bank                 audio_object
     00001856  _sound_object_bank                 audio_object
     0000185C  _board_object_posnX                board_object
     0000186A  _board_object_posnY                board_object
     00001878  _board_object_homeX                board_object
     0000187C  _board_object_homeY                board_object
     00001880  _board_object_wide                 board_object
     00001882  _board_object_rght                 board_object
     00001884  _board_object_left                 board_object
     00001886  _board_object_midd                 board_object
     00001888  _board_object_exitX                board_object
     00001890  _board_object_exitY                board_object
     00001898  _enemy_object_directions           enemy_object
     000018B8  _enemy_object_image                enemy_object
     000018C4  _enemy_object_speed                enemy_object
     000018DC  _enemy_object_delay                enemy_object
     000018F4  _enemy_object_hands                enemy_object
     00001900  _enemy_object_waits                enemy_object
     0000190C  _enemy_object_tours                enemy_object
     00001918  _enemy_object_kills                enemy_object
     00001924  _gamer_object_image                gamer_object
ASxxxx Linker V03.00 + NoICE + sdld,  page 6.
Hexadecimal  [32-Bits]

Area                                    Addr        Size        Decimal Bytes (Attributes)
--------------------------------        ----        ----        ------- ----- ------------
_CODE                               00000200    00003293 =       12947. bytes (REL,CON)

      Value  Global                              Global Defined In Module
      -----  --------------------------------   ------------------------
     0000192A  _gamer_object_speed                gamer_object
     0000192E  _gamer_object_delay                gamer_object
     00001932  _level_object_AAsize               level_object
     00001996  _level_object_AAbank               level_object
     000019FA  _level_object_BBsize               level_object
     00001A5E  _level_object_BBbank               level_object
     00001AC2  _locale_object_blank18             locale_object
     00001B29  _screen_none_screen_load           none_screen
     00001B2A  _screen_none_screen_update         none_screen
     00001B31  _screen_splash_screen_load         splash_screen
     00001B42  _screen_splash_screen_update       splash_screen
     00001B62  _screen_begin_screen_load          begin_screen
     00001B93  _screen_begin_screen_update        begin_screen
     00001BE3  _screen_title_screen_load          title_screen
     00001C3B  _screen_title_screen_update        title_screen
     00001CD4  _screen_test_screen_load           test_screen
     00001CF0  _screen_test_screen_update         test_screen
     00001CF7  _font_tiles__palette__bin          gfx
     00001D07  _font_tiles__tilemap__bin          gfx
     00001D87  _font_tiles__tiles__psgcompr       gfx
     0000201E  _game_tiles__palette__bin          gfx
     0000202E  _game_tiles__tilemap__bin          gfx
     000020FE  _game_tiles__tiles__psgcompr       gfx
     0000265E  _sprites__palette__bin             gfx
     0000266E  _sprites__tiles__psgcompr          gfx
     00002AB0  _sfx_accept_psg                    psg
     00002AD0  _sfx_death_psg                     psg
     00002CAE  _sfx_power_psg                     psg
     00002CD1  _sfx_reset_psg                     psg
     00002CF4  __divuint                          
     00002CFC  __divuchar                         
     00002D03  __divu8                            
     00002D06  __divu16                           
     00002D35  _UNSAFE_SMS_copySpritestoSAT       SMSlib_UNSAFE
     00002D4D  _UNSAFE_SMS_VRAMmemcpy32           SMSlib_UNSAFE
     00002D6A  _UNSAFE_SMS_VRAMmemcpy64           SMSlib_UNSAFE
     00002D87  _UNSAFE_SMS_VRAMmemcpy128          SMSlib_UNSAFE
     00002DA4  _SMS_init                          SMSlib
     00002DF8  _VDPReg_init                       SMSlib
     00002E03  _SMS_VDPType                       SMSlib
     00002E0B  _SMS_VDPturnOnFeature              SMSlib
     00002E22  _SMS_VDPturnOffFeature             SMSlib
     00002E3B  _SMS_setBGScrollX                  SMSlib
     00002E45  _SMS_setBGScrollY                  SMSlib
     00002E4F  _SMS_setBackdropColor              SMSlib
     00002E59  _SMS_useFirstHalfTilesforSprites   SMSlib
     00002E6D  _SMS_setSpriteMode                 SMSlib
     00002EB2  _SMS_setBGPaletteColor             SMSlib
     00002EC6  _SMS_setSpritePaletteColor         SMSlib
     00002EDA  _SMS_loadBGPalette                 SMSlib
     00002EEE  _SMS_loadSpritePalette             SMSlib
ASxxxx Linker V03.00 + NoICE + sdld,  page 7.
Hexadecimal  [32-Bits]

Area                                    Addr        Size        Decimal Bytes (Attributes)
--------------------------------        ----        ----        ------- ----- ------------
_CODE                               00000200    00003293 =       12947. bytes (REL,CON)

      Value  Global                              Global Defined In Module
      -----  --------------------------------   ------------------------
     00002F02  _SMS_setColor                      SMSlib
     00002F06  _SMS_initSprites                   SMSlib
     00002F0C  _SMS_addSprite                     SMSlib
     00002F61  _SMS_finalizeSprites               SMSlib
     00002F73  _SMS_copySpritestoSAT              SMSlib
     00002F9C  _SMS_waitForVBlank                 SMSlib
     00002FA9  _SMS_getKeysStatus                 SMSlib
     00002FAD  _SMS_getKeysPressed                SMSlib
     00002FCA  _SMS_getKeysHeld                   SMSlib
     00002FE1  _SMS_getKeysReleased               SMSlib
     00002FFE  _SMS_queryPauseRequested           SMSlib
     00003006  _SMS_resetPauseRequest             SMSlib
     0000300C  _SMS_setLineInterruptHandler       SMSlib
     0000301D  _SMS_setLineCounter                SMSlib
     0000302C  _SMS_getVCount                     SMSlib
     00003030  _SMS_getHCount                     SMSlib
     00003034  _SMS_isr                           SMSlib
     0000306A  _SMS_nmi_isr                       SMSlib
     0000307D  _rand                              rand
     00003139  _srand                             rand
     00003157  __moduchar                         
     00003163  __moduint                          
     0000316E  _SMS_loadSTMcompressedTileMapAre   SMSlib_STMcomp
     0000334F  ___sdcc_call_hl                    
     00003350  _SMS_loadPSGaidencompressedTiles   SMSlib_PSGaiden
     00003432  __modschar                         
     0000343F  __modsint                          
     0000344B  __divsint                          
     00003454  __divschar                         
     0000345B  __div8                             
     0000345F  __div_signexte                     
     00003463  __div16                            
     00003489  __get_remainder                    

ASxxxx Linker V03.00 + NoICE + sdld,  page 8.
Hexadecimal  [32-Bits]

Area                                    Addr        Size        Decimal Bytes (Attributes)
--------------------------------        ----        ----        ------- ----- ------------
_HEADER0                            00000000    00000006 =           6. bytes (ABS,CON)

      Value  Global                              Global Defined In Module
      -----  --------------------------------   ------------------------
     00000006  _SMS_crt0_RST08                    crt0

ASxxxx Linker V03.00 + NoICE + sdld,  page 9.
Hexadecimal  [32-Bits]

Area                                    Addr        Size        Decimal Bytes (Attributes)
--------------------------------        ----        ----        ------- ----- ------------
_HEADER1                            00000000    00000009 =           9. bytes (ABS,CON)

      Value  Global                              Global Defined In Module
      -----  --------------------------------   ------------------------
     00000011  _SMS_crt0_RST18                    crt0

ASxxxx Linker V03.00 + NoICE + sdld,  page 10.
Hexadecimal  [32-Bits]

Area                                    Addr        Size        Decimal Bytes (Attributes)
--------------------------------        ----        ----        ------- ----- ------------
_HEADER2                            00000000    0000000A =          10. bytes (ABS,CON)

      Value  Global                              Global Defined In Module
      -----  --------------------------------   ------------------------
ASxxxx Linker V03.00 + NoICE + sdld,  page 11.
Hexadecimal  [32-Bits]

Area                                    Addr        Size        Decimal Bytes (Attributes)
--------------------------------        ----        ----        ------- ----- ------------
_HEADER3                            00000000    00000003 =           3. bytes (ABS,CON)

      Value  Global                              Global Defined In Module
      -----  --------------------------------   ------------------------
ASxxxx Linker V03.00 + NoICE + sdld,  page 12.
Hexadecimal  [32-Bits]

Area                                    Addr        Size        Decimal Bytes (Attributes)
--------------------------------        ----        ----        ------- ----- ------------
_HEADER4                            00000000    00000003 =           3. bytes (ABS,CON)

      Value  Global                              Global Defined In Module
      -----  --------------------------------   ------------------------
ASxxxx Linker V03.00 + NoICE + sdld,  page 13.
Hexadecimal  [32-Bits]

Area                                    Addr        Size        Decimal Bytes (Attributes)
--------------------------------        ----        ----        ------- ----- ------------
_HEADER5                            00000000    0000012A =         298. bytes (ABS,CON)

      Value  Global                              Global Defined In Module
      -----  --------------------------------   ------------------------
     00000099  _OUTI128                           crt0
     00000119  _OUTI64                            crt0
     00000159  _OUTI32                            crt0
     00000199  _outi_block                        crt0

ASxxxx Linker V03.00 + NoICE + sdld,  page 14.
Hexadecimal  [32-Bits]

Area                                    Addr        Size        Decimal Bytes (Attributes)
--------------------------------        ----        ----        ------- ----- ------------
_INITIALIZER                        00003493    000002AE =         686. bytes (REL,CON)

      Value  Global                              Global Defined In Module
      -----  --------------------------------   ------------------------
ASxxxx Linker V03.00 + NoICE + sdld,  page 15.
Hexadecimal  [32-Bits]

Area                                    Addr        Size        Decimal Bytes (Attributes)
--------------------------------        ----        ----        ------- ----- ------------
_GSINIT                             00003741    0000000F =          15. bytes (REL,CON)

      Value  Global                              Global Defined In Module
      -----  --------------------------------   ------------------------
     00003741  gsinit                             crt0

ASxxxx Linker V03.00 + NoICE + sdld,  page 16.
Hexadecimal  [32-Bits]

Area                                    Addr        Size        Decimal Bytes (Attributes)
--------------------------------        ----        ----        ------- ----- ------------
_GSFINAL                            00003750    00000001 =           1. bytes (REL,CON)

      Value  Global                              Global Defined In Module
      -----  --------------------------------   ------------------------
ASxxxx Linker V03.00 + NoICE + sdld,  page 17.
Hexadecimal  [32-Bits]

Area                                    Addr        Size        Decimal Bytes (Attributes)
--------------------------------        ----        ----        ------- ----- ------------
_DATA                               0000C000    00000180 =         384. bytes (REL,CON)

      Value  Global                              Global Defined In Module
      -----  --------------------------------   ------------------------
     0000C001  _PSGMusicStatus                    PSGlib
     0000C002  _PSGMusicStart                     PSGlib
     0000C004  _PSGMusicPointer                   PSGlib
     0000C006  _PSGMusicLoopPoint                 PSGlib
     0000C008  _PSGMusicSkipFrames                PSGlib
     0000C009  _PSGLoopFlag                       PSGlib
     0000C00A  _PSGMusicLastLatch                 PSGlib
     0000C00B  _PSGMusicVolumeAttenuation         PSGlib
     0000C00C  _PSGMusicSubstringLen              PSGlib
     0000C00D  _PSGMusicSubstringRetAddr          PSGlib
     0000C00F  _PSGChan0Volume                    PSGlib
     0000C010  _PSGChan1Volume                    PSGlib
     0000C011  _PSGChan2Volume                    PSGlib
     0000C012  _PSGChan3Volume                    PSGlib
     0000C013  _PSGChan2LowTone                   PSGlib
     0000C014  _PSGChan2HighTone                  PSGlib
     0000C015  _PSGChan3LowTone                   PSGlib
     0000C016  _PSGChannel2SFX                    PSGlib
     0000C017  _PSGChannel3SFX                    PSGlib
     0000C018  _PSGSFXChan2Volume                 PSGlib
     0000C019  _PSGSFXChan3Volume                 PSGlib
     0000C01A  _PSGSFXStatus                      PSGlib
     0000C01B  _PSGSFXStart                       PSGlib
     0000C01D  _PSGSFXPointer                     PSGlib
     0000C01F  _PSGSFXLoopPoint                   PSGlib
     0000C021  _PSGSFXSkipFrames                  PSGlib
     0000C022  _PSGSFXLoopFlag                    PSGlib
     0000C023  _PSGSFXSubstringLen                PSGlib
     0000C024  _PSGSFXSubstringRetAddr            PSGlib
     0000C068  _global_state_object               state_manager
     0000C07A  _global_savegame_object            storage_manager
     0000C08B  _global_delay_object               timer_manager
     0000C08F  _global_frame_object               timer_manager
     0000C091  _global_reset_object               timer_manager
     0000C095  _VDPBlank                          SMSlib
     0000C096  _SMS_VDPFlags                      SMSlib
     0000C097  _PauseRequested                    SMSlib
     0000C098  _VDPType                           SMSlib
     0000C099  _KeysStatus                        SMSlib
     0000C09B  _PreviousKeysStatus                SMSlib
     0000C09D  _SpriteTableY                      SMSlib
     0000C0DD  _SpriteTableXN                     SMSlib
     0000C15D  _SpriteNextFree                    SMSlib
     0000C15E  _SMS_theLineInterruptHandler       SMSlib
     0000C160  _decompBuffer                      SMSlib_PSGaiden
ASxxxx Linker V03.00 + NoICE + sdld,  page 18.
Hexadecimal  [32-Bits]

Area                                    Addr        Size        Decimal Bytes (Attributes)
--------------------------------        ----        ----        ------- ----- ------------
_INITIALIZED                        0000C180    000002AE =         686. bytes (REL,CON)

      Value  Global                              Global Defined In Module
      -----  --------------------------------   ------------------------
     0000C184  _sfx_object_data                   audio_object
     0000C18C  _music_object_data                 audio_object
     0000C19A  _sound_object_data                 audio_object
     0000C1A6  _level_object_tiles_array          level_object
     0000C26A  _level_object_AAdata               level_object
     0000C332  _level_object_BBdata               level_object
     0000C3FA  _locale_object_texts               locale_object
     0000C3FE  _locale_object_number              locale_object
     0000C426  _VDPReg                            SMSlib
     0000C428  _spritesHeight                     SMSlib
     0000C429  _spritesWidth                      SMSlib

ASxxxx Linker V03.00 + NoICE + sdld,  page 19.
Hexadecimal  [32-Bits]

Area                                    Addr        Size        Decimal Bytes (Attributes)
--------------------------------        ----        ----        ------- ----- ------------
_BANK2                              00008000    00001724 =        5924. bytes (REL,CON)

      Value  Global                              Global Defined In Module
      -----  --------------------------------   ------------------------
     00008000  _main_tiles__palette__bin          bank2
     00008010  _main_tiles__tilemap__bin          bank2
     00008148  _main_tiles__tiles__psgcompr       bank2
     00008A06  _screen__palette__bin              bank2
     00008A16  _screen__tilemap__stmcompr         bank2
     00008A2F  _screen__tiles__psgcompr           bank2
     00008A32  _sound_accept_psg                  bank2
     00008A52  _sound_death_psg                   bank2
     00008C30  _sound_gem_psg                     bank2
     00008C4C  _sound_level_psg                   bank2
     00008E5E  _sound_power_psg                   bank2
     00008E81  _sound_reset_psg                   bank2
     00008EA4  _splash__palette__bin              bank2
     00008EB4  _splash__tilemap__stmcompr         bank2
     00008EFB  _splash__tiles__psgcompr           bank2
ASxxxx Linker V03.00 + NoICE + sdld,  page 20.
Hexadecimal  [32-Bits]

Area                                    Addr        Size        Decimal Bytes (Attributes)
--------------------------------        ----        ----        ------- ----- ------------
_BANK3                              00008000    000034F4 =       13556. bytes (REL,CON)

      Value  Global                              Global Defined In Module
      -----  --------------------------------   ------------------------
     00008000  _boss32_00__palette__bin           bank3
     00008010  _boss32_00__tiles__psgcompr        bank3
     0000864E  _boss32_01__palette__bin           bank3
     0000865E  _boss32_01__tiles__psgcompr        bank3
     00008D18  _boss32_02__palette__bin           bank3
     00008D28  _boss32_02__tiles__psgcompr        bank3
     00009402  _boss64_00__palette__bin           bank3
     00009412  _boss64_00__tiles__psgcompr        bank3
     00009954  _boss64_01__palette__bin           bank3
     00009964  _boss64_01__tiles__psgcompr        bank3
     00009EFA  _boss64_02__palette__bin           bank3
     00009F0A  _boss64_02__tiles__psgcompr        bank3
     0000A456  _boss64_03__palette__bin           bank3
     0000A466  _boss64_03__tiles__psgcompr        bank3
     0000A9AA  _boss64_04__palette__bin           bank3
     0000A9BA  _boss64_04__tiles__psgcompr        bank3
     0000AF94  _boss64_05__palette__bin           bank3
     0000AFA4  _boss64_05__tiles__psgcompr        bank3
ASxxxx Linker V03.00 + NoICE + sdld,  page 21.
Hexadecimal  [32-Bits]

Area                                    Addr        Size        Decimal Bytes (Attributes)
--------------------------------        ----        ----        ------- ----- ------------
_BANK4                              00008000    00002EE0 =       12000. bytes (REL,CON)

      Value  Global                              Global Defined In Module
      -----  --------------------------------   ------------------------
     00008000  _level0101_txt                     bank4
     00008078  _level0102_txt                     bank4
     000080F0  _level0103_txt                     bank4
     00008168  _level0104_txt                     bank4
     000081E0  _level0105_txt                     bank4
     00008258  _level0106_txt                     bank4
     000082D0  _level0107_txt                     bank4
     00008348  _level0108_txt                     bank4
     000083C0  _level0109_txt                     bank4
     00008438  _level0110_txt                     bank4
     000084B0  _level0201_txt                     bank4
     00008528  _level0202_txt                     bank4
     000085A0  _level0203_txt                     bank4
     00008618  _level0204_txt                     bank4
     00008690  _level0205_txt                     bank4
     00008708  _level0206_txt                     bank4
     00008780  _level0207_txt                     bank4
     000087F8  _level0208_txt                     bank4
     00008870  _level0209_txt                     bank4
     000088E8  _level0210_txt                     bank4
     00008960  _level0301_txt                     bank4
     000089D8  _level0302_txt                     bank4
     00008A50  _level0303_txt                     bank4
     00008AC8  _level0304_txt                     bank4
     00008B40  _level0305_txt                     bank4
     00008BB8  _level0306_txt                     bank4
     00008C30  _level0307_txt                     bank4
     00008CA8  _level0308_txt                     bank4
     00008D20  _level0309_txt                     bank4
     00008D98  _level0310_txt                     bank4
     00008E10  _level0401_txt                     bank4
     00008E88  _level0402_txt                     bank4
     00008F00  _level0403_txt                     bank4
     00008F78  _level0404_txt                     bank4
     00008FF0  _level0405_txt                     bank4
     00009068  _level0406_txt                     bank4
     000090E0  _level0407_txt                     bank4
     00009158  _level0408_txt                     bank4
     000091D0  _level0409_txt                     bank4
     00009248  _level0410_txt                     bank4
     000092C0  _level0501_txt                     bank4
     00009338  _level0502_txt                     bank4
     000093B0  _level0503_txt                     bank4
     00009428  _level0504_txt                     bank4
     000094A0  _level0505_txt                     bank4
     00009518  _level0506_txt                     bank4
     00009590  _level0507_txt                     bank4
     00009608  _level0508_txt                     bank4
     00009680  _level0509_txt                     bank4
     000096F8  _level0510_txt                     bank4
ASxxxx Linker V03.00 + NoICE + sdld,  page 22.
Hexadecimal  [32-Bits]

Area                                    Addr        Size        Decimal Bytes (Attributes)
--------------------------------        ----        ----        ------- ----- ------------
_BANK4                              00008000    00002EE0 =       12000. bytes (REL,CON)

      Value  Global                              Global Defined In Module
      -----  --------------------------------   ------------------------
     00009770  _level0601_txt                     bank4
     000097E8  _level0602_txt                     bank4
     00009860  _level0603_txt                     bank4
     000098D8  _level0604_txt                     bank4
     00009950  _level0605_txt                     bank4
     000099C8  _level0606_txt                     bank4
     00009A40  _level0607_txt                     bank4
     00009AB8  _level0608_txt                     bank4
     00009B30  _level0609_txt                     bank4
     00009BA8  _level0610_txt                     bank4
     00009C20  _level0701_txt                     bank4
     00009C98  _level0702_txt                     bank4
     00009D10  _level0703_txt                     bank4
     00009D88  _level0704_txt                     bank4
     00009E00  _level0705_txt                     bank4
     00009E78  _level0706_txt                     bank4
     00009EF0  _level0707_txt                     bank4
     00009F68  _level0708_txt                     bank4
     00009FE0  _level0709_txt                     bank4
     0000A058  _level0710_txt                     bank4
     0000A0D0  _level0801_txt                     bank4
     0000A148  _level0802_txt                     bank4
     0000A1C0  _level0803_txt                     bank4
     0000A238  _level0804_txt                     bank4
     0000A2B0  _level0805_txt                     bank4
     0000A328  _level0806_txt                     bank4
     0000A3A0  _level0807_txt                     bank4
     0000A418  _level0808_txt                     bank4
     0000A490  _level0809_txt                     bank4
     0000A508  _level0810_txt                     bank4
     0000A580  _level0901_txt                     bank4
     0000A5F8  _level0902_txt                     bank4
     0000A670  _level0903_txt                     bank4
     0000A6E8  _level0904_txt                     bank4
     0000A760  _level0905_txt                     bank4
     0000A7D8  _level0906_txt                     bank4
     0000A850  _level0907_txt                     bank4
     0000A8C8  _level0908_txt                     bank4
     0000A940  _level0909_txt                     bank4
     0000A9B8  _level0910_txt                     bank4
     0000AA30  _level1001_txt                     bank4
     0000AAA8  _level1002_txt                     bank4
     0000AB20  _level1003_txt                     bank4
     0000AB98  _level1004_txt                     bank4
     0000AC10  _level1005_txt                     bank4
     0000AC88  _level1006_txt                     bank4
     0000AD00  _level1007_txt                     bank4
     0000AD78  _level1008_txt                     bank4
     0000ADF0  _level1009_txt                     bank4
     0000AE68  _level1010_txt                     bank4

ASxxxx Linker V03.00 + NoICE + sdld,  page 23.
Hexadecimal  [32-Bits]

Area                                    Addr        Size        Decimal Bytes (Attributes)
--------------------------------        ----        ----        ------- ----- ------------
_BANK5                              00008000    00002EE0 =       12000. bytes (REL,CON)

      Value  Global                              Global Defined In Module
      -----  --------------------------------   ------------------------
     00008000  _level1101_txt                     bank5
     00008078  _level1102_txt                     bank5
     000080F0  _level1103_txt                     bank5
     00008168  _level1104_txt                     bank5
     000081E0  _level1105_txt                     bank5
     00008258  _level1106_txt                     bank5
     000082D0  _level1107_txt                     bank5
     00008348  _level1108_txt                     bank5
     000083C0  _level1109_txt                     bank5
     00008438  _level1110_txt                     bank5
     000084B0  _level1201_txt                     bank5
     00008528  _level1202_txt                     bank5
     000085A0  _level1203_txt                     bank5
     00008618  _level1204_txt                     bank5
     00008690  _level1205_txt                     bank5
     00008708  _level1206_txt                     bank5
     00008780  _level1207_txt                     bank5
     000087F8  _level1208_txt                     bank5
     00008870  _level1209_txt                     bank5
     000088E8  _level1210_txt                     bank5
     00008960  _level1301_txt                     bank5
     000089D8  _level1302_txt                     bank5
     00008A50  _level1303_txt                     bank5
     00008AC8  _level1304_txt                     bank5
     00008B40  _level1305_txt                     bank5
     00008BB8  _level1306_txt                     bank5
     00008C30  _level1307_txt                     bank5
     00008CA8  _level1308_txt                     bank5
     00008D20  _level1309_txt                     bank5
     00008D98  _level1310_txt                     bank5
     00008E10  _level1401_txt                     bank5
     00008E88  _level1402_txt                     bank5
     00008F00  _level1403_txt                     bank5
     00008F78  _level1404_txt                     bank5
     00008FF0  _level1405_txt                     bank5
     00009068  _level1406_txt                     bank5
     000090E0  _level1407_txt                     bank5
     00009158  _level1408_txt                     bank5
     000091D0  _level1409_txt                     bank5
     00009248  _level1410_txt                     bank5
     000092C0  _level1501_txt                     bank5
     00009338  _level1502_txt                     bank5
     000093B0  _level1503_txt                     bank5
     00009428  _level1504_txt                     bank5
     000094A0  _level1505_txt                     bank5
     00009518  _level1506_txt                     bank5
     00009590  _level1507_txt                     bank5
     00009608  _level1508_txt                     bank5
     00009680  _level1509_txt                     bank5
     000096F8  _level1510_txt                     bank5
ASxxxx Linker V03.00 + NoICE + sdld,  page 24.
Hexadecimal  [32-Bits]

Area                                    Addr        Size        Decimal Bytes (Attributes)
--------------------------------        ----        ----        ------- ----- ------------
_BANK5                              00008000    00002EE0 =       12000. bytes (REL,CON)

      Value  Global                              Global Defined In Module
      -----  --------------------------------   ------------------------
     00009770  _level1601_txt                     bank5
     000097E8  _level1602_txt                     bank5
     00009860  _level1603_txt                     bank5
     000098D8  _level1604_txt                     bank5
     00009950  _level1605_txt                     bank5
     000099C8  _level1606_txt                     bank5
     00009A40  _level1607_txt                     bank5
     00009AB8  _level1608_txt                     bank5
     00009B30  _level1609_txt                     bank5
     00009BA8  _level1610_txt                     bank5
     00009C20  _level1701_txt                     bank5
     00009C98  _level1702_txt                     bank5
     00009D10  _level1703_txt                     bank5
     00009D88  _level1704_txt                     bank5
     00009E00  _level1705_txt                     bank5
     00009E78  _level1706_txt                     bank5
     00009EF0  _level1707_txt                     bank5
     00009F68  _level1708_txt                     bank5
     00009FE0  _level1709_txt                     bank5
     0000A058  _level1710_txt                     bank5
     0000A0D0  _level1801_txt                     bank5
     0000A148  _level1802_txt                     bank5
     0000A1C0  _level1803_txt                     bank5
     0000A238  _level1804_txt                     bank5
     0000A2B0  _level1805_txt                     bank5
     0000A328  _level1806_txt                     bank5
     0000A3A0  _level1807_txt                     bank5
     0000A418  _level1808_txt                     bank5
     0000A490  _level1809_txt                     bank5
     0000A508  _level1810_txt                     bank5
     0000A580  _level1901_txt                     bank5
     0000A5F8  _level1902_txt                     bank5
     0000A670  _level1903_txt                     bank5
     0000A6E8  _level1904_txt                     bank5
     0000A760  _level1905_txt                     bank5
     0000A7D8  _level1906_txt                     bank5
     0000A850  _level1907_txt                     bank5
     0000A8C8  _level1908_txt                     bank5
     0000A940  _level1909_txt                     bank5
     0000A9B8  _level1910_txt                     bank5
     0000AA30  _level2001_txt                     bank5
     0000AAA8  _level2002_txt                     bank5
     0000AB20  _level2003_txt                     bank5
     0000AB98  _level2004_txt                     bank5
     0000AC10  _level2005_txt                     bank5
     0000AC88  _level2006_txt                     bank5
     0000AD00  _level2007_txt                     bank5
     0000AD78  _level2008_txt                     bank5
     0000ADF0  _level2009_txt                     bank5
     0000AE68  _level2010_txt                     bank5

ASxxxx Linker V03.00 + NoICE + sdld,  page 25.
Hexadecimal  [32-Bits]

Area                                    Addr        Size        Decimal Bytes (Attributes)
--------------------------------        ----        ----        ------- ----- ------------
_BANK6                              00008000    0000272C =       10028. bytes (REL,CON)

      Value  Global                              Global Defined In Module
      -----  --------------------------------   ------------------------
     00008000  _beats0000_txt                     bank6
     00008078  _music_beat_psg                    bank6
     0000869D  _music_over_psg                    bank6
     00008A0E  _music_title_psg                   bank6

ASxxxx Linker V03.00 + NoICE + sdld,  page 26.
Hexadecimal  [32-Bits]

Area                                    Addr        Size        Decimal Bytes (Attributes)
--------------------------------        ----        ----        ------- ----- ------------
_BANK7                              00008000    000026D4 =        9940. bytes (REL,CON)

      Value  Global                              Global Defined In Module
      -----  --------------------------------   ------------------------
     00008000  _music_game03_psg                  bank7

ASxxxx Linker V03.00 + NoICE + sdld,  page 27.
Hexadecimal  [32-Bits]

Area                                    Addr        Size        Decimal Bytes (Attributes)
--------------------------------        ----        ----        ------- ----- ------------
_BANK8                              00008000    00000220 =         544. bytes (REL,CON)

      Value  Global                              Global Defined In Module
      -----  --------------------------------   ------------------------
     00008000  _music_flicky_psg                  bank8

ASxxxx Linker V03.00 + NoICE + sdld,  page 28.
Hexadecimal  [32-Bits]

Area                                    Addr        Size        Decimal Bytes (Attributes)
--------------------------------        ----        ----        ------- ----- ------------
_BANK9                              00008000    0000189D =        6301. bytes (REL,CON)

      Value  Global                              Global Defined In Module
      -----  --------------------------------   ------------------------
     00008000  _music_beatgame_psg                bank9
     00008625  _music_candykid_psg                bank9

ASxxxx Linker V03.00 + NoICE + sdld,  page 29.
Hexadecimal  [32-Bits]

Area                                    Addr        Size        Decimal Bytes (Attributes)
--------------------------------        ----        ----        ------- ----- ------------
_BANK10                             00008000    00000006 =           6. bytes (REL,CON)

      Value  Global                              Global Defined In Module
      -----  --------------------------------   ------------------------
     00008000  _bank10_txt                        bank10

ASxxxx Linker V03.00 + NoICE + sdld,  page 30.
Hexadecimal  [32-Bits]

Area                                    Addr        Size        Decimal Bytes (Attributes)
--------------------------------        ----        ----        ------- ----- ------------
_BANK11                             00008000    00000006 =           6. bytes (REL,CON)

      Value  Global                              Global Defined In Module
      -----  --------------------------------   ------------------------
     00008000  _bank11_txt                        bank11

ASxxxx Linker V03.00 + NoICE + sdld,  page 31.
Hexadecimal  [32-Bits]

Area                                    Addr        Size        Decimal Bytes (Attributes)
--------------------------------        ----        ----        ------- ----- ------------
_BANK12                             00008000    00000006 =           6. bytes (REL,CON)

      Value  Global                              Global Defined In Module
      -----  --------------------------------   ------------------------
     00008000  _bank12_txt                        bank12

ASxxxx Linker V03.00 + NoICE + sdld,  page 32.
Hexadecimal  [32-Bits]

Area                                    Addr        Size        Decimal Bytes (Attributes)
--------------------------------        ----        ----        ------- ----- ------------
_BANK13                             00008000    00000006 =           6. bytes (REL,CON)

      Value  Global                              Global Defined In Module
      -----  --------------------------------   ------------------------
     00008000  _bank13_txt                        bank13

ASxxxx Linker V03.00 + NoICE + sdld,  page 33.
Hexadecimal  [32-Bits]

Area                                    Addr        Size        Decimal Bytes (Attributes)
--------------------------------        ----        ----        ------- ----- ------------
_BANK14                             00008000    00000006 =           6. bytes (REL,CON)

      Value  Global                              Global Defined In Module
      -----  --------------------------------   ------------------------
     00008000  _bank14_txt                        bank14

ASxxxx Linker V03.00 + NoICE + sdld,  page 34.
Hexadecimal  [32-Bits]

Area                                    Addr        Size        Decimal Bytes (Attributes)
--------------------------------        ----        ----        ------- ----- ------------
_BANK15                             00008000    00000006 =           6. bytes (REL,CON)

      Value  Global                              Global Defined In Module
      -----  --------------------------------   ------------------------
     00008000  _bank15_txt                        bank15

ASxxxx Linker V03.00 + NoICE + sdld,  page 35.
Hexadecimal  [32-Bits]

Area                                    Addr        Size        Decimal Bytes (Attributes)
--------------------------------        ----        ----        ------- ----- ------------
_CABS0                              00000000    00000010 =          16. bytes (ABS,CON)

      Value  Global                              Global Defined In Module
      -----  --------------------------------   ------------------------
     00007FF0  ___SMS__SEGA_signature             _sms_manager

ASxxxx Linker V03.00 + NoICE + sdld,  page 36.
Hexadecimal  [32-Bits]

Area                                    Addr        Size        Decimal Bytes (Attributes)
--------------------------------        ----        ----        ------- ----- ------------
_CABS1                              00000000    0000000E =          14. bytes (ABS,CON)

      Value  Global                              Global Defined In Module
      -----  --------------------------------   ------------------------
     00007FD2  ___SMS__SDSC_author                _sms_manager

ASxxxx Linker V03.00 + NoICE + sdld,  page 37.
Hexadecimal  [32-Bits]

Area                                    Addr        Size        Decimal Bytes (Attributes)
--------------------------------        ----        ----        ------- ----- ------------
_CABS2                              00000000    0000000A =          10. bytes (ABS,CON)

      Value  Global                              Global Defined In Module
      -----  --------------------------------   ------------------------
     00007FC8  ___SMS__SDSC_name                  _sms_manager

ASxxxx Linker V03.00 + NoICE + sdld,  page 38.
Hexadecimal  [32-Bits]

Area                                    Addr        Size        Decimal Bytes (Attributes)
--------------------------------        ----        ----        ------- ----- ------------
_CABS3                              00000000    00000033 =          51. bytes (ABS,CON)

      Value  Global                              Global Defined In Module
      -----  --------------------------------   ------------------------
     00007F95  ___SMS__SDSC_descr                 _sms_manager

ASxxxx Linker V03.00 + NoICE + sdld,  page 39.
Hexadecimal  [32-Bits]

Area                                    Addr        Size        Decimal Bytes (Attributes)
--------------------------------        ----        ----        ------- ----- ------------
_CABS4                              00000000    00000010 =          16. bytes (ABS,CON)

      Value  Global                              Global Defined In Module
      -----  --------------------------------   ------------------------
     00007FE0  ___SMS__SDSC_signature             _sms_manager

ASxxxx Linker V03.00 + NoICE + sdld,  page 40.

Files Linked                              [ module(s) ]

..\crt0\crt0_sms.rel                      [ crt0 ]
main.rel                                  [ main ]
..\lib\PSGlib.rel                         [ PSGlib ]
engine\enum_manager.rel                   [ enum_manager ]
engine\global_manager.rel                 [ global_manager ]
banks\bank2.rel                           [ bank2 ]
banks\bank3.rel                           [ bank3 ]
banks\bank4.rel                           [ bank4 ]
banks\bank5.rel                           [ bank5 ]
banks\bank6.rel                           [ bank6 ]
banks\bank7.rel                           [ bank7 ]
banks\bank8.rel                           [ bank8 ]
banks\bank9.rel                           [ bank9 ]
banks\bank10.rel                          [ bank10 ]
banks\bank11.rel                          [ bank11 ]
banks\bank12.rel                          [ bank12 ]
banks\bank13.rel                          [ bank13 ]
banks\bank14.rel                          [ bank14 ]
banks\bank15.rel                          [ bank15 ]
devkit\_sms_manager.rel                   [ _sms_manager ]
devkit\_snd_manager.rel                   [ _snd_manager ]
engine\asm_manager.rel                    [ asm_manager ]
engine\board_manager.rel                  [ board_manager ]
engine\content_manager.rel                [ content_manager ]
engine\enum_manager.rel                   [ enum_manager ]
engine\font_manager.rel                   [ font_manager ]
engine\function_manager.rel               [ function_manager ]
engine\hack_manager.rel                   [ hack_manager ]
engine\input_manager.rel                  [ input_manager ]
engine\locale_manager.rel                 [ locale_manager ]
engine\main_manager.rel                   [ main_manager ]
engine\mask_manager.rel                   [ mask_manager ]
engine\screen_manager.rel                 [ screen_manager ]
engine\sprite_manager.rel                 [ sprite_manager ]
engine\state_manager.rel                  [ state_manager ]
engine\storage_manager.rel                [ storage_manager ]
engine\timer_manager.rel                  [ timer_manager ]
engine\tile_manager.rel                   [ tile_manager ]
object\audio_object.rel                   [ audio_object ]
object\board_object.rel                   [ board_object ]
object\enemy_object.rel                   [ enemy_object ]
object\gamer_object.rel                   [ gamer_object ]
object\level_object.rel                   [ level_object ]
object\locale_object.rel                  [ locale_object ]
object\score_object.rel                   [ score_object ]
object\state_object.rel                   [ state_object ]
object\storage_object.rel                 [ storage_object ]
object\timer_object.rel                   [ timer_object ]
screen\none_screen.rel                    [ none_screen ]
screen\splash_screen.rel                  [ splash_screen ]
screen\begin_screen.rel                   [ begin_screen ]
screen\title_screen.rel                   [ title_screen ]
screen\test_screen.rel                    [ test_screen ]
gfx.rel                                   [ gfx ]
psg.rel                                   [ psg ]


Libraries Linked                          [ object file ]

C:\Program Files\SDCC\bin\..\lib\z80/z80.lib
                                          [ divunsigned.rel ]
..\lib\SMSlib.lib                         [ SMSlib_UNSAFE.rel ]
..\lib\SMSlib.lib                         [ SMSlib.rel ]
C:\Program Files\SDCC\bin\..\lib\z80/z80.lib
                                          [ rand.rel ]
C:\Program Files\SDCC\bin\..\lib\z80/z80.lib
                                          [ modunsigned.rel ]
..\lib\SMSlib.lib                         [ SMSlib_STMcomp.rel ]
C:\Program Files\SDCC\bin\..\lib\z80/z80.lib
                                          [ __sdcc_call_hl.rel ]
..\lib\SMSlib.lib                         [ SMSlib_PSGaiden.rel ]
C:\Program Files\SDCC\bin\..\lib\z80/z80.lib
                                          [ modsigned.rel ]
C:\Program Files\SDCC\bin\..\lib\z80/z80.lib
                                          [ divsigned.rel ]

ASxxxx Linker V03.00 + NoICE + sdld,  page 41.

User Base Address Definitions

_CODE = 0x0200
_DATA = 0xc000
_BANK2=0x8000
_BANK3=0x8000
_BANK4=0x8000
_BANK5=0x8000
_BANK6=0x8000
_BANK7=0x8000
_BANK8=0x8000
_BANK9=0x8000
_BANK10=0x8000
_BANK11=0x8000
_BANK12=0x8000
_BANK13=0x8000
_BANK14=0x8000
_BANK15=0x8000

