ASxxxx Linker V03.00 + NoICE + sdld,  page 1.
Hexadecimal  [32-Bits]

Area                                    Addr        Size        Decimal Bytes (Attributes)
--------------------------------        ----        ----        ------- ----- ------------
.  .ABS.                            00000000    00000000 =           0. bytes (ABS,CON)

      Value  Global                              Global Defined In Module
      -----  --------------------------------   ------------------------
     00000000  .__.ABS.                           
     00000000  l__BSEG                         
     00000000  l__BSS                          
     00000000  l__CABS                         
     00000000  l__DABS                         
     00000000  l__HEADER                       
     00000000  l__HEAP                         
     00000000  l__HOME                         
     00000000  s__CABS                         
     00000000  s__CABS0                        
     00000000  s__CABS1                        
     00000000  s__CABS2                        
     00000000  s__CABS3                        
     00000000  s__CABS4                        
     00000000  s__DABS                         
     00000000  s__HEADER                       
     00000000  s__HEADER0                      
     00000000  s__HEADER1                      
     00000000  s__HEADER2                      
     00000000  s__HEADER3                      
     00000000  s__HEADER4                      
     00000000  s__HEADER5                      
     00000001  l__GSFINAL                      
     00000003  l__HEADER3                      
     00000003  l__HEADER4                      
     00000005  l__BANK3                        
     00000006  l__BANK14                       
     00000006  l__HEADER0                      
     00000009  l__HEADER1                      
     0000000A  l__CABS2                        
     0000000A  l__HEADER2                      
     0000000E  l__CABS1                        
     0000000F  l__GSINIT                       
     00000010  l__CABS0                        
     00000010  l__CABS4                        
     00000033  l__CABS3                        
     0000012A  l__HEADER5                      
     00000200  s__CODE                         
     00000259  l__DATA                         
     000002FB  l__BANK15                       
     0000036C  l__INITIALIZED                  
     0000036C  l__INITIALIZER                  
     00001278  l__BANK10                       
     00001286  l__BANK2                        
     00001C47  l__BANK6                        
     00001F11  l__BANK8                        
     00002029  l__BANK7                        
     000021FB  l__BANK11                       
     00002398  l__BANK12                       
     000026D4  l__BANK9                        
ASxxxx Linker V03.00 + NoICE + sdld,  page 2.
Hexadecimal  [32-Bits]

Area                                    Addr        Size        Decimal Bytes (Attributes)
--------------------------------        ----        ----        ------- ----- ------------
.  .ABS.                            00000000    00000000 =           0. bytes (ABS,CON)

      Value  Global                              Global Defined In Module
      -----  --------------------------------   ------------------------
     00002EE0  l__BANK4                        
     00002EE0  l__BANK5                        
     00003E1B  l__BANK13                       
     0000775F  l__CODE                         
     0000795F  s__HOME                         
     0000795F  s__INITIALIZER                  
     00007CCB  s__GSINIT                       
     00007CDA  s__GSFINAL                      
     00008000  _SMS_SRAM                          SMSlib_PSGaiden
     00008000  s__BANK10                       
     00008000  s__BANK11                       
     00008000  s__BANK12                       
     00008000  s__BANK13                       
     00008000  s__BANK14                       
     00008000  s__BANK15                       
     00008000  s__BANK2                        
     00008000  s__BANK3                        
     00008000  s__BANK4                        
     00008000  s__BANK5                        
     00008000  s__BANK6                        
     00008000  s__BANK7                        
     00008000  s__BANK8                        
     00008000  s__BANK9                        
     0000C000  s__DATA                         
     0000C259  s__INITIALIZED                  
     0000C5C5  s__BSEG                         
     0000C5C5  s__BSS                          
     0000C5C5  s__HEAP                         
     0000FFFC  _SRAM_bank_to_be_mapped_on_slot2   SMSlib_PSGaiden
     0000FFFF  _ROM_bank_to_be_mapped_on_slot2    SMSlib_PSGaiden

ASxxxx Linker V03.00 + NoICE + sdld,  page 3.
Hexadecimal  [32-Bits]

Area                                    Addr        Size        Decimal Bytes (Attributes)
--------------------------------        ----        ----        ------- ----- ------------
_CODE                               00000200    0000775F =       30559. bytes (REL,CON)

      Value  Global                              Global Defined In Module
      -----  --------------------------------   ------------------------
     00000200  __clock                            crt0
     00000204  _exit                              crt0
     0000020A  _main                              main
     0000027B  _PSGStop                           PSGlib
     000002A2  _PSGResume                         PSGlib
     000002EE  _PSGPlay                           PSGlib
     0000031B  _PSGCancelLoop                     PSGlib
     00000321  _PSGPlayNoRepeat                   PSGlib
     00000330  _PSGGetStatus                      PSGlib
     00000338  _PSGSilenceChannels                PSGlib
     00000349  _PSGRestoreVolumes                 PSGlib
     00000448  _PSGSetMusicVolumeAttenuation      PSGlib
     00000537  _PSGSFXStop                        PSGlib
     00000601  _PSGSFXPlay                        PSGlib
     0000064E  _PSGSFXCancelLoop                  PSGlib
     00000654  _PSGSFXGetStatus                   PSGlib
     0000065C  _PSGSFXPlayLoop                    PSGlib
     0000067D  _PSGFrame                          PSGlib
     00000796  _PSGSFXFrame                       PSGlib
     0000081C  _devkit_SMS_init                   _sms_manager
     0000081F  _devkit_SMS_displayOn              _sms_manager
     00000825  _devkit_SMS_displayOff             _sms_manager
     0000082B  _devkit_SMS_mapROMBank             _sms_manager
     00000834  _devkit_SMS_enableSRAM             _sms_manager
     0000083A  _devkit_SMS_enableSRAMBank         _sms_manager
     00000849  _devkit_SMS_disableSRAM            _sms_manager
     0000084F  _devkit_SMS_SRAM                   _sms_manager
     00000853  _devkit_SMS_setSpriteMode          _sms_manager
     0000085F  _devkit_SMS_useFirstHalfTilesfor   _sms_manager
     00000864  _devkit_SMS_useFirstHalfTilesfor   _sms_manager
     00000869  _devkit_SMS_VDPturnOnFeature       _sms_manager
     00000870  _devkit_SMS_loadPSGaidencompress   _sms_manager
     00000886  _devkit_SMS_loadSTMcompressedTil   _sms_manager
     000008A7  _devkit_SMS_loadBGPalette          _sms_manager
     000008AE  _devkit_SMS_loadSpritePalette      _sms_manager
     000008B5  _devkit_SMS_setSpritePaletteColo   _sms_manager
     000008DD  _devkit_SMS_setNextTileatXY        _sms_manager
     00000906  _devkit_SMS_setTile                _sms_manager
     0000090D  _devkit_SMS_setTilePriority        _sms_manager
     0000091E  _devkit_SMS_addSprite              _sms_manager
     00000939  _devkit_SMS_initSprites            _sms_manager
     0000093C  _devkit_SMS_finalizeSprites        _sms_manager
     0000093F  _devkit_SMS_waitForVBlank          _sms_manager
     00000942  _devkit_SMS_copySpritestoSAT       _sms_manager
     00000945  _devkit_UNSAFE_SMS_copySpritesto   _sms_manager
     00000948  _devkit_SMS_queryPauseRequested    _sms_manager
     0000094B  _devkit_SMS_resetPauseRequest      _sms_manager
     0000094E  _devkit_isCollisionDetected        _sms_manager
     00000955  _devkit_SMS_getKeysStatus          _sms_manager
     00000958  _devkit_SPRITEMODE_NORMAL          _sms_manager
ASxxxx Linker V03.00 + NoICE + sdld,  page 4.
Hexadecimal  [32-Bits]

Area                                    Addr        Size        Decimal Bytes (Attributes)
--------------------------------        ----        ----        ------- ----- ------------
_CODE                               00000200    0000775F =       30559. bytes (REL,CON)

      Value  Global                              Global Defined In Module
      -----  --------------------------------   ------------------------
     0000095B  _devkit_VDPFEATURE_HIDEFIRSTCOL    _sms_manager
     0000095F  _devkit_TILE_PRIORITY              _sms_manager
     00000963  _devkit_TILE_USE_SPRITE_PALETTE    _sms_manager
     000009B2  _devkit_PSGPlay                    _snd_manager
     000009BC  _devkit_PSGPlayNoRepeat            _snd_manager
     000009C6  _devkit_PSGStop                    _snd_manager
     000009C9  _devkit_PSGResume                  _snd_manager
     000009CC  _devkit_PSGGetStatus               _snd_manager
     000009CF  _devkit_PSGSetMusicVolumeAttenua   _snd_manager
     000009DB  _devkit_PSGSFXPlay                 _snd_manager
     000009F0  _devkit_PSGSFXStop                 _snd_manager
     000009F3  _devkit_PSGSFXGetStatus            _snd_manager
     000009F6  _devkit_PSGSilenceChannels         _snd_manager
     000009F9  _devkit_PSGRestoreVolumes          _snd_manager
     000009FC  _devkit_PSGFrame                   _snd_manager
     000009FF  _devkit_PSGSFXFrame                _snd_manager
     00000A02  _devkit_SFX_CHANNEL2               _snd_manager
     00000A05  _devkit_SFX_CHANNEL3               _snd_manager
     00000A08  _devkit_SFX_CHANNELS2AND3          _snd_manager
     00000A0B  _engine_asm_manager_clear_VRAM     asm_manager
     00000A21  _engine_audio_manager_music_play   audio_manager
     00000A62  _engine_audio_manager_music_play   audio_manager
     00000A9D  _engine_audio_manager_music_resu   audio_manager
     00000AA9  _engine_audio_manager_music_stop   audio_manager
     00000AAC  _engine_audio_manager_sfx_play     audio_manager
     00000ADF  _engine_board_manager_border       board_manager
     00000B93  _engine_board_manager_toggle       board_manager
     00000C02  _engine_board_manager_side_tile    board_manager
     00000C20  _engine_board_manager_midd_text    board_manager
     00000C89  _engine_boss_manager_init          boss_manager
     00000D2F  _engine_boss_manager_setup         boss_manager
     00000DAF  _engine_boss_manager_load          boss_manager
     0000106F  _engine_boss_manager_update        boss_manager
     000011AD  _engine_boss_manager_draw          boss_manager
     00001224  _engine_boss_manager_move          boss_manager
     0000124D  _engine_boss_manager_stop          boss_manager
     00001277  _engine_boss_manager_dead          boss_manager
     000012A7  _engine_boss_manager_scatter_dir   boss_manager
     000013C2  _engine_boss_manager_gohome_dire   boss_manager
     000013C5  _engine_boss_manager_content       boss_manager
     00001410  _engine_boss_manager_index         boss_manager
     000014BA  _engine_collision_manager_sprite   collision_manager
     00001568  _engine_collision_manager_tile_c   collision_manager
     0000166C  _engine_collision_manager_reset_   collision_manager
     000016D1  _engine_content_manager_load_til   content_manager
     000016E7  _engine_content_manager_load_til   content_manager
     000016FD  _engine_content_manager_load_til   content_manager
     0000171B  _engine_content_manager_load_til   content_manager
     00001746  _engine_content_manager_load_spr   content_manager
     0000175C  _engine_enemy_manager_init         enemy_manager
     00001881  _engine_enemy_manager_load         enemy_manager
ASxxxx Linker V03.00 + NoICE + sdld,  page 5.
Hexadecimal  [32-Bits]

Area                                    Addr        Size        Decimal Bytes (Attributes)
--------------------------------        ----        ----        ------- ----- ------------
_CODE                               00000200    0000775F =       30559. bytes (REL,CON)

      Value  Global                              Global Defined In Module
      -----  --------------------------------   ------------------------
     00001B9F  _engine_enemy_manager_stance       enemy_manager
     00001BC6  _engine_enemy_manager_dohand       enemy_manager
     00001C11  _engine_enemy_manager_update       enemy_manager
     00001D39  _engine_enemy_manager_draw         enemy_manager
     00001D72  _engine_enemy_manager_draws        enemy_manager
     00001DA3  _engine_enemy_manager_hide         enemy_manager
     00001DED  _engine_enemy_manager_move         enemy_manager
     00001E1A  _engine_enemy_manager_pace         enemy_manager
     00001E60  _engine_enemy_manager_stop         enemy_manager
     00001EB5  _engine_enemy_manager_dead         enemy_manager
     00001EE9  _engine_enemy_manager_reset_home   enemy_manager
     00001F52  _engine_enemy_manager_reset_mode   enemy_manager
     00001FD6  _engine_enemy_manager_frame        enemy_manager
     00002005  _engine_enemy_manager_image        enemy_manager
     00002034  _engine_enemy_manager_images       enemy_manager
     0000205B  _engine_enemy_manager_debug        enemy_manager
     00002086  _engine_enemy_manager_scatter_di   enemy_manager
     000021B6  _engine_enemy_manager_gohome_dir   enemy_manager
     00002224  _engine_enemy_manager_attack_dir   enemy_manager
     00002369  _engine_enemy_manager_input_boos   enemy_manager
     00002549  _engine_font_manager_draw_char     font_manager
     00002575  _engine_font_manager_draw_text     font_manager
     000025C7  _engine_font_manager_draw_data     font_manager
     00002652  _engine_function_manager_convert   function_manager
     0000267C  _engine_function_manager_convert   function_manager
     000026B1  _engine_function_manager_convert   function_manager
     000026D6  _engine_function_manager_convert   function_manager
     000026EF  _engine_gamer_manager_init         gamer_manager
     00002758  _engine_gamer_manager_stance       gamer_manager
     00002760  _engine_gamer_manager_load         gamer_manager
     000027A0  _engine_gamer_manager_update       gamer_manager
     00002886  _engine_gamer_manager_draw         gamer_manager
     000028A5  _engine_gamer_manager_draws        gamer_manager
     000028BD  _engine_gamer_manager_hide         gamer_manager
     000028EA  _engine_gamer_manager_draw_death   gamer_manager
     00002918  _engine_gamer_manager_hide_death   gamer_manager
     00002939  _engine_gamer_manager_move         gamer_manager
     0000296C  _engine_gamer_manager_wrap         gamer_manager
     000029AA  _engine_gamer_manager_pace         gamer_manager
     000029E8  _engine_gamer_manager_stop         gamer_manager
     00002A36  _engine_gamer_manager_dead         gamer_manager
     00002A4D  _engine_gamer_manager_reset        gamer_manager
     00002A89  _engine_gamer_manager_frame        gamer_manager
     00002A95  _engine_gamer_manager_image        gamer_manager
     00002AA1  _engine_gamer_manager_images       gamer_manager
     00002AB1  _engine_gamer_manager_find_direc   gamer_manager
     00002B69  _engine_gamer_manager_input_boos   gamer_manager
     00002C43  _engine_hack_manager_init          hack_manager
     00002C8F  _engine_hack_manager_load          hack_manager
     00002CFA  _engine_hack_manager_invert        hack_manager
     00002DBB  _engine_input_manager_update       input_manager
ASxxxx Linker V03.00 + NoICE + sdld,  page 6.
Hexadecimal  [32-Bits]

Area                                    Addr        Size        Decimal Bytes (Attributes)
--------------------------------        ----        ----        ------- ----- ------------
_CODE                               00000200    0000775F =       30559. bytes (REL,CON)

      Value  Global                              Global Defined In Module
      -----  --------------------------------   ------------------------
     00002DC8  _engine_input_manager_hold         input_manager
     00002DF5  _engine_input_manager_move         input_manager
     00002E00  _engine_input_manager_direction    input_manager
     00002E72  _engine_level_manager_clear        level_manager
     00002E9C  _engine_level_manager_load_level   level_manager
     00002F3C  _engine_level_manager_temp_level   level_manager
     00002F75  _engine_level_manager_load_oneup   level_manager
     00002FD0  _engine_level_manager_directions   level_manager
     0000303D  _engine_level_manager_draw_level   level_manager
     00003077  _engine_level_manager_draw_middl   level_manager
     00003093  _engine_level_manager_beat_level   level_manager
     000030B4  _engine_level_manager_blank_tile   level_manager
     00003110  _engine_level_manager_get_collis   level_manager
     00003154  _engine_level_manager_get_direct   level_manager
     0000318C  _engine_level_manager_get_tile_t   level_manager
     000031CF  _engine_level_manager_get_next_t   level_manager
     00003241  _engine_level_manager_get_next_i   level_manager
     00003299  _engine_level_manager_test_direc   level_manager
     000034A1  _engine_locale_manager_draw_text   locale_manager
     000034CE  _engine_main_manager_init          main_manager
     000034D7  _engine_main_manager_load          main_manager
     000034F0  _engine_main_manager_save          main_manager
     000034F3  _engine_memo_manager_draw          memo_manager
     00003516  _engine_memo_manager_pass          memo_manager
     0000352D  _engine_memo_manager_levels        memo_manager
     0000357D  _engine_memo_manager_option        memo_manager
     00003626  _engine_memo_manager_debugging     memo_manager
     00003666  _engine_move_manager_get_directi   move_manager
     000036F8  _engine_move_manager_what_direct   move_manager
     00003809  _engine_move_manager_gothru_exit   move_manager
     0000388B  _engine_move_manager_border_exit   move_manager
     000038D3  _engine_move_manager_inside_exit   move_manager
     00003925  _engine_move_manager_opposite_di   move_manager
     00003957  _engine_option_manager_init        option_manager
     00003984  _engine_option_manager_update      option_manager
     00003A0E  _engine_option_manager_clear       option_manager
     00003A40  _engine_option_manager_draw_acto   option_manager
     00003AA8  _engine_option_manager_text_kid    option_manager
     00003AD8  _engine_option_manager_text_kid_   option_manager
     00003AFC  _engine_option_manager_text_enem   option_manager
     00003B47  _engine_option_manager_text_enem   option_manager
     00003B7E  _engine_option_manager_text_star   option_manager
     00003BB5  _engine_option_manager_draw_bonu   option_manager
     00003C36  _engine_option_manager_draw_cand   option_manager
     00003C82  _engine_option_manager_text_tree   option_manager
     00003CC0  _engine_option_manager_text_exit   option_manager
     00003CF8  _engine_option_manager_option_tr   option_manager
     00003D0E  _engine_option_manager_option_ex   option_manager
     00003D3A  _engine_option_manager_text_othe   option_manager
     00003D7C  _engine_option_manager_option_wo   option_manager
     00003DA6  _engine_option_manager_option_ro   option_manager
ASxxxx Linker V03.00 + NoICE + sdld,  page 7.
Hexadecimal  [32-Bits]

Area                                    Addr        Size        Decimal Bytes (Attributes)
--------------------------------        ----        ----        ------- ----- ------------
_CODE                               00000200    0000775F =       30559. bytes (REL,CON)

      Value  Global                              Global Defined In Module
      -----  --------------------------------   ------------------------
     00003DD1  _engine_option_manager_option_di   option_manager
     00003DEC  _engine_score_manager_text         score_manager
     00003E20  _engine_score_manager_init         score_manager
     00003E4E  _engine_score_manager_load         score_manager
     00003E98  _engine_score_manager_get_candy    score_manager
     00003E9D  _engine_score_manager_get_oneup    score_manager
     00003EA2  _engine_score_manager_get_bonus    score_manager
     00003EB2  _engine_score_manager_get_value    score_manager
     00003EBF  _engine_score_manager_finish_bon   score_manager
     00003ECA  _engine_score_manager_update_bon   score_manager
     00003EFE  _engine_score_manager_update_can   score_manager
     00003F0D  _engine_score_manager_update_one   score_manager
     00003F1C  _engine_score_manager_update_liv   score_manager
     00003F28  _engine_score_manager_update_boo   score_manager
     00003F58  _engine_score_manager_draw_init    score_manager
     00003F75  _engine_score_manager_draw_load    score_manager
     00003F86  _engine_score_manager_update_lev   score_manager
     00003FB6  _engine_score_manager_reset_live   score_manager
     00003FC9  _engine_score_manager_reset_boos   score_manager
     000040E7  _engine_screen_manager_init        screen_manager
     000040F5  _engine_screen_manager_update      screen_manager
     000042A2  _engine_sprite_manager_draw_enti   sprite_manager
     00004313  _engine_sprite_manager_draw_boss   sprite_manager
     0000436E  _engine_sprite_manager_draw_boss   sprite_manager
     000043EE  _engine_state_manager_init         state_manager
     00004431  _engine_state_manager_fight        state_manager
     0000443F  _engine_storage_manager_availabl   storage_manager
     0000446E  _engine_storage_manager_read       storage_manager
     000044F2  _engine_storage_manager_write      storage_manager
     00004588  _engine_storage_manager_erase      storage_manager
     000045EE  _engine_delay_manager_load         timer_manager
     00004616  _engine_delay_manager_update       timer_manager
     00004638  _engine_delay_manager_draw         timer_manager
     00004646  _engine_frame_manager_load         timer_manager
     0000464D  _engine_frame_manager_update       timer_manager
     00004664  _engine_frame_manager_draw         timer_manager
     00004672  _engine_reset_manager_load         timer_manager
     00004682  _engine_reset_manager_update       timer_manager
     0000469D  _engine_reset_manager_reset        timer_manager
     000046A3  _engine_tile_manager_load_tile     tile_manager
     000046F8  _engine_tile_manager_load_coll     tile_manager
     0000470F  _engine_tile_manager_draw_tile     tile_manager
     000047A9  _engine_tile_manager_draw_blank    tile_manager
     000047DC  _engine_tile_manager_draw_candy    tile_manager
     00004804  _engine_tile_manager_draw_trees    tile_manager
     00004821  _engine_tile_manager_draw_bonus    tile_manager
     00004856  _engine_tile_manager_draw_oneup    tile_manager
     0000486B  _engine_tile_manager_draw_cross    tile_manager
     0000488A  _engine_tile_manager_draw_sides    tile_manager
     0000489F  _engine_tile_manager_main_title    tile_manager
     00004924  _engine_tile_manager_main_candy    tile_manager
ASxxxx Linker V03.00 + NoICE + sdld,  page 8.
Hexadecimal  [32-Bits]

Area                                    Addr        Size        Decimal Bytes (Attributes)
--------------------------------        ----        ----        ------- ----- ------------
_CODE                               00000200    0000775F =       30559. bytes (REL,CON)

      Value  Global                              Global Defined In Module
      -----  --------------------------------   ------------------------
     0000494C  _engine_tile_manager_main_gamer    tile_manager
     00004961  _engine_tile_manager_funk_trees    tile_manager
     00004AAE  _board_object_posnX                board_object
     00004ABC  _board_object_posnY                board_object
     00004ACA  _board_object_homeX                board_object
     00004ACE  _board_object_homeY                board_object
     00004AD2  _board_object_wide                 board_object
     00004AD4  _board_object_rght                 board_object
     00004AD6  _board_object_left                 board_object
     00004AD8  _board_object_midd                 board_object
     00004ADA  _board_object_exitX                board_object
     00004AE2  _board_object_exitY                board_object
     00004AEA  _enemy_object_image                enemy_object
     00004AF6  _enemy_object_speed                enemy_object
     00004B0E  _enemy_object_delay                enemy_object
     00004B26  _enemy_object_hands                enemy_object
     00004B32  _enemy_object_waits                enemy_object
     00004B3E  _enemy_object_tours                enemy_object
     00004B4A  _enemy_object_kills                enemy_object
     00004B56  _gamer_object_image                gamer_object
     00004B5C  _gamer_object_speed                gamer_object
     00004B60  _gamer_object_delay                gamer_object
     00004B64  _move_object_directions            move_object
     00004B84  _locale_object_blank14             locale_object
     00004BCF  _screen_none_screen_load           none_screen
     00004BD0  _screen_none_screen_update         none_screen
     00004BD7  _screen_splash_screen_load         splash_screen
     00004BF2  _screen_splash_screen_update       splash_screen
     00004C68  _screen_begin_screen_load          begin_screen
     00004CB0  _screen_begin_screen_update        begin_screen
     00004CC2  _screen_title_screen_load          title_screen
     00004D3D  _screen_title_screen_update        title_screen
     00004E18  _screen_start_screen_init          start_screen
     00004E1E  _screen_start_screen_load          start_screen
     00004E6C  _screen_start_screen_update        start_screen
     00004FC7  _screen_init_screen_load           init_screen
     00004FEF  _screen_init_screen_update         init_screen
     00004FF6  _screen_load_screen_load           load_screen
     00005037  _screen_load_screen_update         load_screen
     000050BD  _screen_ready_screen_load          ready_screen
     000050C3  _screen_ready_screen_update        ready_screen
     000050D0  _screen_play_screen_load           play_screen
     0000511C  _screen_play_screen_update         play_screen
     00005425  _screen_pass_screen_load           pass_screen
     00005486  _screen_pass_screen_update         pass_screen
     0000556D  _screen_dead_screen_load           dead_screen
     000055DB  _screen_dead_screen_update         dead_screen
     00005797  _screen_cont_screen_load           cont_screen
     000057B7  _screen_cont_screen_update         cont_screen
     00005955  _screen_over_screen_load           over_screen
     00005984  _screen_over_screen_update         over_screen
ASxxxx Linker V03.00 + NoICE + sdld,  page 9.
Hexadecimal  [32-Bits]

Area                                    Addr        Size        Decimal Bytes (Attributes)
--------------------------------        ----        ----        ------- ----- ------------
_CODE                               00000200    0000775F =       30559. bytes (REL,CON)

      Value  Global                              Global Defined In Module
      -----  --------------------------------   ------------------------
     000059CC  _screen_prep_screen_load           prep_screen
     00005A1F  _screen_prep_screen_update         prep_screen
     00005B25  _screen_fight_screen_load          fight_screen
     00005B28  _screen_fight_screen_update        fight_screen
     00005B35  _screen_boss_screen_load           boss_screen
     00005B58  _screen_boss_screen_update         boss_screen
     00005D93  _screen_beat_screen_load           beat_screen
     00005DE2  _screen_beat_screen_update         beat_screen
     00005EC4  _screen_option_screen_init         option_screen
     00005ED4  _screen_option_screen_load         option_screen
     00005F86  _screen_option_screen_update       option_screen
     00006307  _font_tiles__palette__bin          gfx
     00006317  _font_tiles__tilemap__bin          gfx
     00006397  _font_tiles__tiles__psgcompr       gfx
     0000662E  _game_tiles__palette__bin          gfx
     0000663E  _game_tiles__tilemap__bin          gfx
     0000670E  _game_tiles__tiles__psgcompr       gfx
     00006C6E  _sprites__palette__bin             gfx
     00006C7E  _sprites__tiles__psgcompr          gfx
     000070C0  _sfx_accept_psg                    psg
     000070E0  _sfx_death01_psg                   psg
     000070FE  _sfx_death02_psg                   psg
     0000711C  _sfx_death03_psg                   psg
     0000713A  _sfx_over_psg                      psg
     0000717A  _sfx_power_psg                     psg
     0000719D  _sfx_reset_psg                     psg
     000071C0  __divuint                          
     000071C8  __divuchar                         
     000071CF  __divu8                            
     000071D2  __divu16                           
     00007201  _UNSAFE_SMS_copySpritestoSAT       SMSlib_UNSAFE
     00007219  _UNSAFE_SMS_VRAMmemcpy32           SMSlib_UNSAFE
     00007236  _UNSAFE_SMS_VRAMmemcpy64           SMSlib_UNSAFE
     00007253  _UNSAFE_SMS_VRAMmemcpy128          SMSlib_UNSAFE
     00007270  _SMS_init                          SMSlib
     000072C4  _VDPReg_init                       SMSlib
     000072CF  _SMS_VDPType                       SMSlib
     000072D7  _SMS_VDPturnOnFeature              SMSlib
     000072EE  _SMS_VDPturnOffFeature             SMSlib
     00007307  _SMS_setBGScrollX                  SMSlib
     00007311  _SMS_setBGScrollY                  SMSlib
     0000731B  _SMS_setBackdropColor              SMSlib
     00007325  _SMS_useFirstHalfTilesforSprites   SMSlib
     00007339  _SMS_setSpriteMode                 SMSlib
     0000737E  _SMS_setBGPaletteColor             SMSlib
     00007392  _SMS_setSpritePaletteColor         SMSlib
     000073A6  _SMS_loadBGPalette                 SMSlib
     000073BA  _SMS_loadSpritePalette             SMSlib
     000073CE  _SMS_setColor                      SMSlib
     000073D2  _SMS_initSprites                   SMSlib
     000073D8  _SMS_addSprite                     SMSlib
ASxxxx Linker V03.00 + NoICE + sdld,  page 10.
Hexadecimal  [32-Bits]

Area                                    Addr        Size        Decimal Bytes (Attributes)
--------------------------------        ----        ----        ------- ----- ------------
_CODE                               00000200    0000775F =       30559. bytes (REL,CON)

      Value  Global                              Global Defined In Module
      -----  --------------------------------   ------------------------
     0000742D  _SMS_finalizeSprites               SMSlib
     0000743F  _SMS_copySpritestoSAT              SMSlib
     00007468  _SMS_waitForVBlank                 SMSlib
     00007475  _SMS_getKeysStatus                 SMSlib
     00007479  _SMS_getKeysPressed                SMSlib
     00007496  _SMS_getKeysHeld                   SMSlib
     000074AD  _SMS_getKeysReleased               SMSlib
     000074CA  _SMS_queryPauseRequested           SMSlib
     000074D2  _SMS_resetPauseRequest             SMSlib
     000074D8  _SMS_setLineInterruptHandler       SMSlib
     000074E9  _SMS_setLineCounter                SMSlib
     000074F8  _SMS_getVCount                     SMSlib
     000074FC  _SMS_getHCount                     SMSlib
     00007500  _SMS_isr                           SMSlib
     00007536  _SMS_nmi_isr                       SMSlib
     00007549  _rand                              rand
     00007605  _srand                             rand
     00007623  __moduchar                         
     0000762F  __moduint                          
     0000763A  _SMS_loadSTMcompressedTileMapAre   SMSlib_STMcomp
     0000781B  ___sdcc_call_hl                    
     0000781C  _SMS_loadPSGaidencompressedTiles   SMSlib_PSGaiden
     000078FE  __modschar                         
     0000790B  __modsint                          
     00007917  __divsint                          
     00007920  __divschar                         
     00007927  __div8                             
     0000792B  __div_signexte                     
     0000792F  __div16                            
     00007955  __get_remainder                    

ASxxxx Linker V03.00 + NoICE + sdld,  page 11.
Hexadecimal  [32-Bits]

Area                                    Addr        Size        Decimal Bytes (Attributes)
--------------------------------        ----        ----        ------- ----- ------------
_HEADER0                            00000000    00000006 =           6. bytes (ABS,CON)

      Value  Global                              Global Defined In Module
      -----  --------------------------------   ------------------------
     00000006  _SMS_crt0_RST08                    crt0

ASxxxx Linker V03.00 + NoICE + sdld,  page 12.
Hexadecimal  [32-Bits]

Area                                    Addr        Size        Decimal Bytes (Attributes)
--------------------------------        ----        ----        ------- ----- ------------
_HEADER1                            00000000    00000009 =           9. bytes (ABS,CON)

      Value  Global                              Global Defined In Module
      -----  --------------------------------   ------------------------
     00000011  _SMS_crt0_RST18                    crt0

ASxxxx Linker V03.00 + NoICE + sdld,  page 13.
Hexadecimal  [32-Bits]

Area                                    Addr        Size        Decimal Bytes (Attributes)
--------------------------------        ----        ----        ------- ----- ------------
_HEADER2                            00000000    0000000A =          10. bytes (ABS,CON)

      Value  Global                              Global Defined In Module
      -----  --------------------------------   ------------------------
ASxxxx Linker V03.00 + NoICE + sdld,  page 14.
Hexadecimal  [32-Bits]

Area                                    Addr        Size        Decimal Bytes (Attributes)
--------------------------------        ----        ----        ------- ----- ------------
_HEADER3                            00000000    00000003 =           3. bytes (ABS,CON)

      Value  Global                              Global Defined In Module
      -----  --------------------------------   ------------------------
ASxxxx Linker V03.00 + NoICE + sdld,  page 15.
Hexadecimal  [32-Bits]

Area                                    Addr        Size        Decimal Bytes (Attributes)
--------------------------------        ----        ----        ------- ----- ------------
_HEADER4                            00000000    00000003 =           3. bytes (ABS,CON)

      Value  Global                              Global Defined In Module
      -----  --------------------------------   ------------------------
ASxxxx Linker V03.00 + NoICE + sdld,  page 16.
Hexadecimal  [32-Bits]

Area                                    Addr        Size        Decimal Bytes (Attributes)
--------------------------------        ----        ----        ------- ----- ------------
_HEADER5                            00000000    0000012A =         298. bytes (ABS,CON)

      Value  Global                              Global Defined In Module
      -----  --------------------------------   ------------------------
     00000099  _OUTI128                           crt0
     00000119  _OUTI64                            crt0
     00000159  _OUTI32                            crt0
     00000199  _outi_block                        crt0

ASxxxx Linker V03.00 + NoICE + sdld,  page 17.
Hexadecimal  [32-Bits]

Area                                    Addr        Size        Decimal Bytes (Attributes)
--------------------------------        ----        ----        ------- ----- ------------
_INITIALIZER                        0000795F    0000036C =         876. bytes (REL,CON)

      Value  Global                              Global Defined In Module
      -----  --------------------------------   ------------------------
ASxxxx Linker V03.00 + NoICE + sdld,  page 18.
Hexadecimal  [32-Bits]

Area                                    Addr        Size        Decimal Bytes (Attributes)
--------------------------------        ----        ----        ------- ----- ------------
_GSINIT                             00007CCB    0000000F =          15. bytes (REL,CON)

      Value  Global                              Global Defined In Module
      -----  --------------------------------   ------------------------
     00007CCB  gsinit                             crt0

ASxxxx Linker V03.00 + NoICE + sdld,  page 19.
Hexadecimal  [32-Bits]

Area                                    Addr        Size        Decimal Bytes (Attributes)
--------------------------------        ----        ----        ------- ----- ------------
_GSFINAL                            00007CDA    00000001 =           1. bytes (REL,CON)

      Value  Global                              Global Defined In Module
      -----  --------------------------------   ------------------------
ASxxxx Linker V03.00 + NoICE + sdld,  page 20.
Hexadecimal  [32-Bits]

Area                                    Addr        Size        Decimal Bytes (Attributes)
--------------------------------        ----        ----        ------- ----- ------------
_DATA                               0000C000    00000259 =         601. bytes (REL,CON)

      Value  Global                              Global Defined In Module
      -----  --------------------------------   ------------------------
     0000C001  _PSGMusicStatus                    PSGlib
     0000C002  _PSGMusicStart                     PSGlib
     0000C004  _PSGMusicPointer                   PSGlib
     0000C006  _PSGMusicLoopPoint                 PSGlib
     0000C008  _PSGMusicSkipFrames                PSGlib
     0000C009  _PSGLoopFlag                       PSGlib
     0000C00A  _PSGMusicLastLatch                 PSGlib
     0000C00B  _PSGMusicVolumeAttenuation         PSGlib
     0000C00C  _PSGMusicSubstringLen              PSGlib
     0000C00D  _PSGMusicSubstringRetAddr          PSGlib
     0000C00F  _PSGChan0Volume                    PSGlib
     0000C010  _PSGChan1Volume                    PSGlib
     0000C011  _PSGChan2Volume                    PSGlib
     0000C012  _PSGChan3Volume                    PSGlib
     0000C013  _PSGChan2LowTone                   PSGlib
     0000C014  _PSGChan2HighTone                  PSGlib
     0000C015  _PSGChan3LowTone                   PSGlib
     0000C016  _PSGChannel2SFX                    PSGlib
     0000C017  _PSGChannel3SFX                    PSGlib
     0000C018  _PSGSFXChan2Volume                 PSGlib
     0000C019  _PSGSFXChan3Volume                 PSGlib
     0000C01A  _PSGSFXStatus                      PSGlib
     0000C01B  _PSGSFXStart                       PSGlib
     0000C01D  _PSGSFXPointer                     PSGlib
     0000C01F  _PSGSFXLoopPoint                   PSGlib
     0000C021  _PSGSFXSkipFrames                  PSGlib
     0000C022  _PSGSFXLoopFlag                    PSGlib
     0000C023  _PSGSFXSubstringLen                PSGlib
     0000C024  _PSGSFXSubstringRetAddr            PSGlib
     0000C027  _global_boss_objects               boss_manager
     0000C06A  _global_enemy_objects              enemy_manager
     0000C0E5  _global_gamer_object               gamer_manager
     0000C102  _global_hack_object                hack_manager
     0000C111  _global_level_object               level_manager
     0000C11D  _global_score_object               score_manager
     0000C129  _global_state_object               state_manager
     0000C137  _global_savegame_object            storage_manager
     0000C14A  _global_delay_object               timer_manager
     0000C14E  _global_frame_object               timer_manager
     0000C150  _global_reset_object               timer_manager
     0000C16E  _VDPBlank                          SMSlib
     0000C16F  _SMS_VDPFlags                      SMSlib
     0000C170  _PauseRequested                    SMSlib
     0000C171  _VDPType                           SMSlib
     0000C172  _KeysStatus                        SMSlib
     0000C174  _PreviousKeysStatus                SMSlib
     0000C176  _SpriteTableY                      SMSlib
     0000C1B6  _SpriteTableXN                     SMSlib
     0000C236  _SpriteNextFree                    SMSlib
     0000C237  _SMS_theLineInterruptHandler       SMSlib
ASxxxx Linker V03.00 + NoICE + sdld,  page 21.
Hexadecimal  [32-Bits]

Area                                    Addr        Size        Decimal Bytes (Attributes)
--------------------------------        ----        ----        ------- ----- ------------
_DATA                               0000C000    00000259 =         601. bytes (REL,CON)

      Value  Global                              Global Defined In Module
      -----  --------------------------------   ------------------------
     0000C239  _decompBuffer                      SMSlib_PSGaiden
ASxxxx Linker V03.00 + NoICE + sdld,  page 22.
Hexadecimal  [32-Bits]

Area                                    Addr        Size        Decimal Bytes (Attributes)
--------------------------------        ----        ----        ------- ----- ------------
_INITIALIZED                        0000C259    0000036C =         876. bytes (REL,CON)

      Value  Global                              Global Defined In Module
      -----  --------------------------------   ------------------------
     0000C259  _music_object_data                 fixedbank
     0000C26F  _boss_object_tiles                 fixedbank
     0000C281  _boss_object_color                 fixedbank
     0000C293  _locale_object_texts               fixedbank
     0000C2FB  _level_object_AAdata               fixedbank
     0000C3C3  _level_object_BBdata               fixedbank
     0000C4B0  _sfx_object_data                   audio_object
     0000C4BE  _level_object_tiles_array          level_object
     0000C582  _locale_object_number              locale_object
     0000C5AE  _beat_walking_cmds                 beat_screen
     0000C5B2  _beat_walking_move                 beat_screen
     0000C5BD  _VDPReg                            SMSlib
     0000C5BF  _spritesHeight                     SMSlib
     0000C5C0  _spritesWidth                      SMSlib

ASxxxx Linker V03.00 + NoICE + sdld,  page 23.
Hexadecimal  [32-Bits]

Area                                    Addr        Size        Decimal Bytes (Attributes)
--------------------------------        ----        ----        ------- ----- ------------
_BANK2                              00008000    00001286 =        4742. bytes (REL,CON)

      Value  Global                              Global Defined In Module
      -----  --------------------------------   ------------------------
     00008000  _main_tiles__palette__bin          bank2
     00008010  _main_tiles__tilemap__bin          bank2
     00008148  _main_tiles__tiles__psgcompr       bank2
     00008A06  _splash__palette__bin              bank2
     00008A16  _splash__tilemap__stmcompr         bank2
     00008A5D  _splash__tiles__psgcompr           bank2
ASxxxx Linker V03.00 + NoICE + sdld,  page 24.
Hexadecimal  [32-Bits]

Area                                    Addr        Size        Decimal Bytes (Attributes)
--------------------------------        ----        ----        ------- ----- ------------
_BANK3                              00008000    00000005 =           5. bytes (REL,CON)

      Value  Global                              Global Defined In Module
      -----  --------------------------------   ------------------------
     00008000  _bank3_txt                         bank3

ASxxxx Linker V03.00 + NoICE + sdld,  page 25.
Hexadecimal  [32-Bits]

Area                                    Addr        Size        Decimal Bytes (Attributes)
--------------------------------        ----        ----        ------- ----- ------------
_BANK4                              00008000    00002EE0 =       12000. bytes (REL,CON)

      Value  Global                              Global Defined In Module
      -----  --------------------------------   ------------------------
     00008000  _level0101_txt                     bank4
     00008078  _level0102_txt                     bank4
     000080F0  _level0103_txt                     bank4
     00008168  _level0104_txt                     bank4
     000081E0  _level0105_txt                     bank4
     00008258  _level0106_txt                     bank4
     000082D0  _level0107_txt                     bank4
     00008348  _level0108_txt                     bank4
     000083C0  _level0109_txt                     bank4
     00008438  _level0110_txt                     bank4
     000084B0  _level0201_txt                     bank4
     00008528  _level0202_txt                     bank4
     000085A0  _level0203_txt                     bank4
     00008618  _level0204_txt                     bank4
     00008690  _level0205_txt                     bank4
     00008708  _level0206_txt                     bank4
     00008780  _level0207_txt                     bank4
     000087F8  _level0208_txt                     bank4
     00008870  _level0209_txt                     bank4
     000088E8  _level0210_txt                     bank4
     00008960  _level0301_txt                     bank4
     000089D8  _level0302_txt                     bank4
     00008A50  _level0303_txt                     bank4
     00008AC8  _level0304_txt                     bank4
     00008B40  _level0305_txt                     bank4
     00008BB8  _level0306_txt                     bank4
     00008C30  _level0307_txt                     bank4
     00008CA8  _level0308_txt                     bank4
     00008D20  _level0309_txt                     bank4
     00008D98  _level0310_txt                     bank4
     00008E10  _level0401_txt                     bank4
     00008E88  _level0402_txt                     bank4
     00008F00  _level0403_txt                     bank4
     00008F78  _level0404_txt                     bank4
     00008FF0  _level0405_txt                     bank4
     00009068  _level0406_txt                     bank4
     000090E0  _level0407_txt                     bank4
     00009158  _level0408_txt                     bank4
     000091D0  _level0409_txt                     bank4
     00009248  _level0410_txt                     bank4
     000092C0  _level0501_txt                     bank4
     00009338  _level0502_txt                     bank4
     000093B0  _level0503_txt                     bank4
     00009428  _level0504_txt                     bank4
     000094A0  _level0505_txt                     bank4
     00009518  _level0506_txt                     bank4
     00009590  _level0507_txt                     bank4
     00009608  _level0508_txt                     bank4
     00009680  _level0509_txt                     bank4
     000096F8  _level0510_txt                     bank4
ASxxxx Linker V03.00 + NoICE + sdld,  page 26.
Hexadecimal  [32-Bits]

Area                                    Addr        Size        Decimal Bytes (Attributes)
--------------------------------        ----        ----        ------- ----- ------------
_BANK4                              00008000    00002EE0 =       12000. bytes (REL,CON)

      Value  Global                              Global Defined In Module
      -----  --------------------------------   ------------------------
     00009770  _level0601_txt                     bank4
     000097E8  _level0602_txt                     bank4
     00009860  _level0603_txt                     bank4
     000098D8  _level0604_txt                     bank4
     00009950  _level0605_txt                     bank4
     000099C8  _level0606_txt                     bank4
     00009A40  _level0607_txt                     bank4
     00009AB8  _level0608_txt                     bank4
     00009B30  _level0609_txt                     bank4
     00009BA8  _level0610_txt                     bank4
     00009C20  _level0701_txt                     bank4
     00009C98  _level0702_txt                     bank4
     00009D10  _level0703_txt                     bank4
     00009D88  _level0704_txt                     bank4
     00009E00  _level0705_txt                     bank4
     00009E78  _level0706_txt                     bank4
     00009EF0  _level0707_txt                     bank4
     00009F68  _level0708_txt                     bank4
     00009FE0  _level0709_txt                     bank4
     0000A058  _level0710_txt                     bank4
     0000A0D0  _level0801_txt                     bank4
     0000A148  _level0802_txt                     bank4
     0000A1C0  _level0803_txt                     bank4
     0000A238  _level0804_txt                     bank4
     0000A2B0  _level0805_txt                     bank4
     0000A328  _level0806_txt                     bank4
     0000A3A0  _level0807_txt                     bank4
     0000A418  _level0808_txt                     bank4
     0000A490  _level0809_txt                     bank4
     0000A508  _level0810_txt                     bank4
     0000A580  _level0901_txt                     bank4
     0000A5F8  _level0902_txt                     bank4
     0000A670  _level0903_txt                     bank4
     0000A6E8  _level0904_txt                     bank4
     0000A760  _level0905_txt                     bank4
     0000A7D8  _level0906_txt                     bank4
     0000A850  _level0907_txt                     bank4
     0000A8C8  _level0908_txt                     bank4
     0000A940  _level0909_txt                     bank4
     0000A9B8  _level0910_txt                     bank4
     0000AA30  _level1001_txt                     bank4
     0000AAA8  _level1002_txt                     bank4
     0000AB20  _level1003_txt                     bank4
     0000AB98  _level1004_txt                     bank4
     0000AC10  _level1005_txt                     bank4
     0000AC88  _level1006_txt                     bank4
     0000AD00  _level1007_txt                     bank4
     0000AD78  _level1008_txt                     bank4
     0000ADF0  _level1009_txt                     bank4
     0000AE68  _level1010_txt                     bank4

ASxxxx Linker V03.00 + NoICE + sdld,  page 27.
Hexadecimal  [32-Bits]

Area                                    Addr        Size        Decimal Bytes (Attributes)
--------------------------------        ----        ----        ------- ----- ------------
_BANK5                              00008000    00002EE0 =       12000. bytes (REL,CON)

      Value  Global                              Global Defined In Module
      -----  --------------------------------   ------------------------
     00008000  _level1101_txt                     bank5
     00008078  _level1102_txt                     bank5
     000080F0  _level1103_txt                     bank5
     00008168  _level1104_txt                     bank5
     000081E0  _level1105_txt                     bank5
     00008258  _level1106_txt                     bank5
     000082D0  _level1107_txt                     bank5
     00008348  _level1108_txt                     bank5
     000083C0  _level1109_txt                     bank5
     00008438  _level1110_txt                     bank5
     000084B0  _level1201_txt                     bank5
     00008528  _level1202_txt                     bank5
     000085A0  _level1203_txt                     bank5
     00008618  _level1204_txt                     bank5
     00008690  _level1205_txt                     bank5
     00008708  _level1206_txt                     bank5
     00008780  _level1207_txt                     bank5
     000087F8  _level1208_txt                     bank5
     00008870  _level1209_txt                     bank5
     000088E8  _level1210_txt                     bank5
     00008960  _level1301_txt                     bank5
     000089D8  _level1302_txt                     bank5
     00008A50  _level1303_txt                     bank5
     00008AC8  _level1304_txt                     bank5
     00008B40  _level1305_txt                     bank5
     00008BB8  _level1306_txt                     bank5
     00008C30  _level1307_txt                     bank5
     00008CA8  _level1308_txt                     bank5
     00008D20  _level1309_txt                     bank5
     00008D98  _level1310_txt                     bank5
     00008E10  _level1401_txt                     bank5
     00008E88  _level1402_txt                     bank5
     00008F00  _level1403_txt                     bank5
     00008F78  _level1404_txt                     bank5
     00008FF0  _level1405_txt                     bank5
     00009068  _level1406_txt                     bank5
     000090E0  _level1407_txt                     bank5
     00009158  _level1408_txt                     bank5
     000091D0  _level1409_txt                     bank5
     00009248  _level1410_txt                     bank5
     000092C0  _level1501_txt                     bank5
     00009338  _level1502_txt                     bank5
     000093B0  _level1503_txt                     bank5
     00009428  _level1504_txt                     bank5
     000094A0  _level1505_txt                     bank5
     00009518  _level1506_txt                     bank5
     00009590  _level1507_txt                     bank5
     00009608  _level1508_txt                     bank5
     00009680  _level1509_txt                     bank5
     000096F8  _level1510_txt                     bank5
ASxxxx Linker V03.00 + NoICE + sdld,  page 28.
Hexadecimal  [32-Bits]

Area                                    Addr        Size        Decimal Bytes (Attributes)
--------------------------------        ----        ----        ------- ----- ------------
_BANK5                              00008000    00002EE0 =       12000. bytes (REL,CON)

      Value  Global                              Global Defined In Module
      -----  --------------------------------   ------------------------
     00009770  _level1601_txt                     bank5
     000097E8  _level1602_txt                     bank5
     00009860  _level1603_txt                     bank5
     000098D8  _level1604_txt                     bank5
     00009950  _level1605_txt                     bank5
     000099C8  _level1606_txt                     bank5
     00009A40  _level1607_txt                     bank5
     00009AB8  _level1608_txt                     bank5
     00009B30  _level1609_txt                     bank5
     00009BA8  _level1610_txt                     bank5
     00009C20  _level1701_txt                     bank5
     00009C98  _level1702_txt                     bank5
     00009D10  _level1703_txt                     bank5
     00009D88  _level1704_txt                     bank5
     00009E00  _level1705_txt                     bank5
     00009E78  _level1706_txt                     bank5
     00009EF0  _level1707_txt                     bank5
     00009F68  _level1708_txt                     bank5
     00009FE0  _level1709_txt                     bank5
     0000A058  _level1710_txt                     bank5
     0000A0D0  _level1801_txt                     bank5
     0000A148  _level1802_txt                     bank5
     0000A1C0  _level1803_txt                     bank5
     0000A238  _level1804_txt                     bank5
     0000A2B0  _level1805_txt                     bank5
     0000A328  _level1806_txt                     bank5
     0000A3A0  _level1807_txt                     bank5
     0000A418  _level1808_txt                     bank5
     0000A490  _level1809_txt                     bank5
     0000A508  _level1810_txt                     bank5
     0000A580  _level1901_txt                     bank5
     0000A5F8  _level1902_txt                     bank5
     0000A670  _level1903_txt                     bank5
     0000A6E8  _level1904_txt                     bank5
     0000A760  _level1905_txt                     bank5
     0000A7D8  _level1906_txt                     bank5
     0000A850  _level1907_txt                     bank5
     0000A8C8  _level1908_txt                     bank5
     0000A940  _level1909_txt                     bank5
     0000A9B8  _level1910_txt                     bank5
     0000AA30  _level2001_txt                     bank5
     0000AAA8  _level2002_txt                     bank5
     0000AB20  _level2003_txt                     bank5
     0000AB98  _level2004_txt                     bank5
     0000AC10  _level2005_txt                     bank5
     0000AC88  _level2006_txt                     bank5
     0000AD00  _level2007_txt                     bank5
     0000AD78  _level2008_txt                     bank5
     0000ADF0  _level2009_txt                     bank5
     0000AE68  _level2010_txt                     bank5

ASxxxx Linker V03.00 + NoICE + sdld,  page 29.
Hexadecimal  [32-Bits]

Area                                    Addr        Size        Decimal Bytes (Attributes)
--------------------------------        ----        ----        ------- ----- ------------
_BANK6                              00008000    00001C47 =        7239. bytes (REL,CON)

      Value  Global                              Global Defined In Module
      -----  --------------------------------   ------------------------
     00008000  _beats0000_txt                     bank6
     00008078  _mus_beat_psg                      bank6
     0000869D  _mus_cont_psg                      bank6
     000096C4  _mus_level_psg                     bank6
     000098D6  _mus_over_psg                      bank6

ASxxxx Linker V03.00 + NoICE + sdld,  page 30.
Hexadecimal  [32-Bits]

Area                                    Addr        Size        Decimal Bytes (Attributes)
--------------------------------        ----        ----        ------- ----- ------------
_BANK7                              00008000    00002029 =        8233. bytes (REL,CON)

      Value  Global                              Global Defined In Module
      -----  --------------------------------   ------------------------
     00008000  _mus_game01_psg                    bank7

ASxxxx Linker V03.00 + NoICE + sdld,  page 31.
Hexadecimal  [32-Bits]

Area                                    Addr        Size        Decimal Bytes (Attributes)
--------------------------------        ----        ----        ------- ----- ------------
_BANK8                              00008000    00001F11 =        7953. bytes (REL,CON)

      Value  Global                              Global Defined In Module
      -----  --------------------------------   ------------------------
     00008000  _mus_game02_psg                    bank8

ASxxxx Linker V03.00 + NoICE + sdld,  page 32.
Hexadecimal  [32-Bits]

Area                                    Addr        Size        Decimal Bytes (Attributes)
--------------------------------        ----        ----        ------- ----- ------------
_BANK9                              00008000    000026D4 =        9940. bytes (REL,CON)

      Value  Global                              Global Defined In Module
      -----  --------------------------------   ------------------------
     00008000  _mus_game03_psg                    bank9

ASxxxx Linker V03.00 + NoICE + sdld,  page 33.
Hexadecimal  [32-Bits]

Area                                    Addr        Size        Decimal Bytes (Attributes)
--------------------------------        ----        ----        ------- ----- ------------
_BANK10                             00008000    00001278 =        4728. bytes (REL,CON)

      Value  Global                              Global Defined In Module
      -----  --------------------------------   ------------------------
     00008000  _mus_candykid_psg                  bank10

ASxxxx Linker V03.00 + NoICE + sdld,  page 34.
Hexadecimal  [32-Bits]

Area                                    Addr        Size        Decimal Bytes (Attributes)
--------------------------------        ----        ----        ------- ----- ------------
_BANK11                             00008000    000021FB =        8699. bytes (REL,CON)

      Value  Global                              Global Defined In Module
      -----  --------------------------------   ------------------------
     00008000  _boss32_00__palette__bin           bank11
     00008010  _boss32_00__tiles__psgcompr        bank11
     0000864E  _boss32_01__palette__bin           bank11
     0000865E  _boss32_01__tiles__psgcompr        bank11
     00008D18  _boss32_02__palette__bin           bank11
     00008D28  _boss32_02__tiles__psgcompr        bank11
     00009402  _mus_boss01_psg                    bank11

ASxxxx Linker V03.00 + NoICE + sdld,  page 35.
Hexadecimal  [32-Bits]

Area                                    Addr        Size        Decimal Bytes (Attributes)
--------------------------------        ----        ----        ------- ----- ------------
_BANK12                             00008000    00002398 =        9112. bytes (REL,CON)

      Value  Global                              Global Defined In Module
      -----  --------------------------------   ------------------------
     00008000  _boss64_00__palette__bin           bank12
     00008010  _boss64_00__tiles__psgcompr        bank12
     00008552  _boss64_01__palette__bin           bank12
     00008562  _boss64_01__tiles__psgcompr        bank12
     00008AF8  _boss64_02__palette__bin           bank12
     00008B08  _boss64_02__tiles__psgcompr        bank12
     00009054  _mus_boss02_psg                    bank12

ASxxxx Linker V03.00 + NoICE + sdld,  page 36.
Hexadecimal  [32-Bits]

Area                                    Addr        Size        Decimal Bytes (Attributes)
--------------------------------        ----        ----        ------- ----- ------------
_BANK13                             00008000    00003E1B =       15899. bytes (REL,CON)

      Value  Global                              Global Defined In Module
      -----  --------------------------------   ------------------------
     00008000  _boss64_03__palette__bin           bank13
     00008010  _boss64_03__tiles__psgcompr        bank13
     00008554  _boss64_04__palette__bin           bank13
     00008564  _boss64_04__tiles__psgcompr        bank13
     00008B3E  _boss64_05__palette__bin           bank13
     00008B4E  _boss64_05__tiles__psgcompr        bank13
     0000909E  _mus_boss03_psg                    bank13

ASxxxx Linker V03.00 + NoICE + sdld,  page 37.
Hexadecimal  [32-Bits]

Area                                    Addr        Size        Decimal Bytes (Attributes)
--------------------------------        ----        ----        ------- ----- ------------
_BANK14                             00008000    00000006 =           6. bytes (REL,CON)

      Value  Global                              Global Defined In Module
      -----  --------------------------------   ------------------------
     00008000  _bank14_txt                        bank14

ASxxxx Linker V03.00 + NoICE + sdld,  page 38.
Hexadecimal  [32-Bits]

Area                                    Addr        Size        Decimal Bytes (Attributes)
--------------------------------        ----        ----        ------- ----- ------------
_BANK15                             00008000    000002FB =         763. bytes (REL,CON)

      Value  Global                              Global Defined In Module
      -----  --------------------------------   ------------------------
     00008000  _music_object_bank                 fixedbank
     0000800B  _boss_object_bank                  fixedbank
     00008014  _level_object_AAsize               fixedbank
     00008078  _level_object_AAbank               fixedbank
     000080DC  _level_object_BBsize               fixedbank
     00008140  _level_object_BBbank               fixedbank
ASxxxx Linker V03.00 + NoICE + sdld,  page 39.
Hexadecimal  [32-Bits]

Area                                    Addr        Size        Decimal Bytes (Attributes)
--------------------------------        ----        ----        ------- ----- ------------
_CABS0                              00000000    00000010 =          16. bytes (ABS,CON)

      Value  Global                              Global Defined In Module
      -----  --------------------------------   ------------------------
     00007FF0  ___SMS__SEGA_signature             _sms_manager

ASxxxx Linker V03.00 + NoICE + sdld,  page 40.
Hexadecimal  [32-Bits]

Area                                    Addr        Size        Decimal Bytes (Attributes)
--------------------------------        ----        ----        ------- ----- ------------
_CABS1                              00000000    0000000E =          14. bytes (ABS,CON)

      Value  Global                              Global Defined In Module
      -----  --------------------------------   ------------------------
     00007FD2  ___SMS__SDSC_author                _sms_manager

ASxxxx Linker V03.00 + NoICE + sdld,  page 41.
Hexadecimal  [32-Bits]

Area                                    Addr        Size        Decimal Bytes (Attributes)
--------------------------------        ----        ----        ------- ----- ------------
_CABS2                              00000000    0000000A =          10. bytes (ABS,CON)

      Value  Global                              Global Defined In Module
      -----  --------------------------------   ------------------------
     00007FC8  ___SMS__SDSC_name                  _sms_manager

ASxxxx Linker V03.00 + NoICE + sdld,  page 42.
Hexadecimal  [32-Bits]

Area                                    Addr        Size        Decimal Bytes (Attributes)
--------------------------------        ----        ----        ------- ----- ------------
_CABS3                              00000000    00000033 =          51. bytes (ABS,CON)

      Value  Global                              Global Defined In Module
      -----  --------------------------------   ------------------------
     00007F95  ___SMS__SDSC_descr                 _sms_manager

ASxxxx Linker V03.00 + NoICE + sdld,  page 43.
Hexadecimal  [32-Bits]

Area                                    Addr        Size        Decimal Bytes (Attributes)
--------------------------------        ----        ----        ------- ----- ------------
_CABS4                              00000000    00000010 =          16. bytes (ABS,CON)

      Value  Global                              Global Defined In Module
      -----  --------------------------------   ------------------------
     00007FE0  ___SMS__SDSC_signature             _sms_manager

ASxxxx Linker V03.00 + NoICE + sdld,  page 44.

Files Linked                              [ module(s) ]

..\crt0\crt0_sms.rel                      [ crt0 ]
main.rel                                  [ main ]
..\lib\PSGlib.rel                         [ PSGlib ]
engine\enum_manager.rel                   [ enum_manager ]
engine\global_manager.rel                 [ global_manager ]
banks\bank2.rel                           [ bank2 ]
banks\bank3.rel                           [ bank3 ]
banks\bank4.rel                           [ bank4 ]
banks\bank5.rel                           [ bank5 ]
banks\bank6.rel                           [ bank6 ]
banks\bank7.rel                           [ bank7 ]
banks\bank8.rel                           [ bank8 ]
banks\bank9.rel                           [ bank9 ]
banks\bank10.rel                          [ bank10 ]
banks\bank11.rel                          [ bank11 ]
banks\bank12.rel                          [ bank12 ]
banks\bank13.rel                          [ bank13 ]
banks\bank14.rel                          [ bank14 ]
banks\fixedbank.rel                       [ fixedbank ]
devkit\_sms_manager.rel                   [ _sms_manager ]
devkit\_snd_manager.rel                   [ _snd_manager ]
engine\actor_manager.rel                  [ actor_manager ]
engine\asm_manager.rel                    [ asm_manager ]
engine\audio_manager.rel                  [ audio_manager ]
engine\board_manager.rel                  [ board_manager ]
engine\boss_manager.rel                   [ boss_manager ]
engine\collision_manager.rel              [ collision_manager ]
engine\content_manager.rel                [ content_manager ]
engine\enum_manager.rel                   [ enum_manager ]
engine\enemy_manager.rel                  [ enemy_manager ]
engine\font_manager.rel                   [ font_manager ]
engine\function_manager.rel               [ function_manager ]
engine\gamer_manager.rel                  [ gamer_manager ]
engine\hack_manager.rel                   [ hack_manager ]
engine\input_manager.rel                  [ input_manager ]
engine\level_manager.rel                  [ level_manager ]
engine\locale_manager.rel                 [ locale_manager ]
engine\main_manager.rel                   [ main_manager ]
engine\mask_manager.rel                   [ mask_manager ]
engine\memo_manager.rel                   [ memo_manager ]
engine\move_manager.rel                   [ move_manager ]
engine\option_manager.rel                 [ option_manager ]
engine\score_manager.rel                  [ score_manager ]
engine\screen_manager.rel                 [ screen_manager ]
engine\sprite_manager.rel                 [ sprite_manager ]
engine\state_manager.rel                  [ state_manager ]
engine\storage_manager.rel                [ storage_manager ]
engine\timer_manager.rel                  [ timer_manager ]
engine\tile_manager.rel                   [ tile_manager ]
object\audio_object.rel                   [ audio_object ]
object\board_object.rel                   [ board_object ]
object\boss_object.rel                    [ boss_object ]
object\enemy_object.rel                   [ enemy_object ]
object\gamer_object.rel                   [ gamer_object ]
object\hack_object.rel                    [ hack_object ]
object\move_object.rel                    [ move_object ]
object\level_object.rel                   [ level_object ]
object\locale_object.rel                  [ locale_object ]
object\score_object.rel                   [ score_object ]
object\state_object.rel                   [ state_object ]
object\storage_object.rel                 [ storage_object ]
object\timer_object.rel                   [ timer_object ]
screen\none_screen.rel                    [ none_screen ]
screen\splash_screen.rel                  [ splash_screen ]
screen\begin_screen.rel                   [ begin_screen ]
screen\intro_screen.rel                   [ intro_screen ]
screen\title_screen.rel                   [ title_screen ]
screen\start_screen.rel                   [ start_screen ]
screen\init_screen.rel                    [ init_screen ]
screen\load_screen.rel                    [ load_screen ]
screen\ready_screen.rel                   [ ready_screen ]
screen\play_screen.rel                    [ play_screen ]
screen\pass_screen.rel                    [ pass_screen ]
screen\dead_screen.rel                    [ dead_screen ]
screen\cont_screen.rel                    [ cont_screen ]
screen\over_screen.rel                    [ over_screen ]
screen\prep_screen.rel                    [ prep_screen ]
screen\fight_screen.rel                   [ fight_screen ]
screen\boss_screen.rel                    [ boss_screen ]
screen\beat_screen.rel                    [ beat_screen ]
screen\option_screen.rel                  [ option_screen ]
screen\credit_screen.rel                  [ credit_screen ]
screen\test_screen.rel                    [ test_screen ]
gfx.rel                                   [ gfx ]
psg.rel                                   [ psg ]


Libraries Linked                          [ object file ]

C:\Program Files\SDCC\bin\..\lib\z80/z80.lib
                                          [ divunsigned.rel ]
..\lib\SMSlib.lib                         [ SMSlib_UNSAFE.rel ]
..\lib\SMSlib.lib                         [ SMSlib.rel ]
C:\Program Files\SDCC\bin\..\lib\z80/z80.lib
                                          [ rand.rel ]
C:\Program Files\SDCC\bin\..\lib\z80/z80.lib
                                          [ modunsigned.rel ]
..\lib\SMSlib.lib                         [ SMSlib_STMcomp.rel ]
C:\Program Files\SDCC\bin\..\lib\z80/z80.lib
                                          [ __sdcc_call_hl.rel ]
..\lib\SMSlib.lib                         [ SMSlib_PSGaiden.rel ]
C:\Program Files\SDCC\bin\..\lib\z80/z80.lib
                                          [ modsigned.rel ]
C:\Program Files\SDCC\bin\..\lib\z80/z80.lib
                                          [ divsigned.rel ]

ASxxxx Linker V03.00 + NoICE + sdld,  page 45.

User Base Address Definitions

_CODE = 0x0200
_DATA = 0xc000
_BANK2=0x8000
_BANK3=0x8000
_BANK4=0x8000
_BANK5=0x8000
_BANK6=0x8000
_BANK7=0x8000
_BANK8=0x8000
_BANK9=0x8000
_BANK10=0x8000
_BANK11=0x8000
_BANK12=0x8000
_BANK13=0x8000
_BANK14=0x8000
_BANK15=0x8000

